Archive member included to satisfy reference by file (symbol)

C:/ST/STM32CubeIDE_2.1.1/STM32CubeIDE/plugins/com.st.stm32cube.ide.mcu.externaltools.gnu-tools-for-stm32.14.3.rel1.win32_1.0.100.202602081740/tools/bin/../lib/gcc/arm-none-eabi/14.3.1/../../../../arm-none-eabi/lib/thumb/v8-m.main+fp/hard\libc_nano.a(libc_a-exit.o)
                              C:/ST/STM32CubeIDE_2.1.1/STM32CubeIDE/plugins/com.st.stm32cube.ide.mcu.externaltools.gnu-tools-for-stm32.14.3.rel1.win32_1.0.100.202602081740/tools/bin/../lib/gcc/arm-none-eabi/14.3.1/../../../../arm-none-eabi/lib/thumb/v8-m.main+fp/hard/crt0.o (exit)
C:/ST/STM32CubeIDE_2.1.1/STM32CubeIDE/plugins/com.st.stm32cube.ide.mcu.externaltools.gnu-tools-for-stm32.14.3.rel1.win32_1.0.100.202602081740/tools/bin/../lib/gcc/arm-none-eabi/14.3.1/../../../../arm-none-eabi/lib/thumb/v8-m.main+fp/hard\libc_nano.a(libc_a-nano-vfprintf_float.o)
                              (_printf_float)
C:/ST/STM32CubeIDE_2.1.1/STM32CubeIDE/plugins/com.st.stm32cube.ide.mcu.externaltools.gnu-tools-for-stm32.14.3.rel1.win32_1.0.100.202602081740/tools/bin/../lib/gcc/arm-none-eabi/14.3.1/../../../../arm-none-eabi/lib/thumb/v8-m.main+fp/hard\libc_nano.a(libc_a-nano-vfprintf_i.o)
                              C:/ST/STM32CubeIDE_2.1.1/STM32CubeIDE/plugins/com.st.stm32cube.ide.mcu.externaltools.gnu-tools-for-stm32.14.3.rel1.win32_1.0.100.202602081740/tools/bin/../lib/gcc/arm-none-eabi/14.3.1/../../../../arm-none-eabi/lib/thumb/v8-m.main+fp/hard\libc_nano.a(libc_a-nano-vfprintf_float.o) (_printf_common)
C:/ST/STM32CubeIDE_2.1.1/STM32CubeIDE/plugins/com.st.stm32cube.ide.mcu.externaltools.gnu-tools-for-stm32.14.3.rel1.win32_1.0.100.202602081740/tools/bin/../lib/gcc/arm-none-eabi/14.3.1/../../../../arm-none-eabi/lib/thumb/v8-m.main+fp/hard\libc_nano.a(libc_a-findfp.o)
                              C:/ST/STM32CubeIDE_2.1.1/STM32CubeIDE/plugins/com.st.stm32cube.ide.mcu.externaltools.gnu-tools-for-stm32.14.3.rel1.win32_1.0.100.202602081740/tools/bin/../lib/gcc/arm-none-eabi/14.3.1/../../../../arm-none-eabi/lib/thumb/v8-m.main+fp/hard\libc_nano.a(libc_a-exit.o) (__stdio_exit_handler)
C:/ST/STM32CubeIDE_2.1.1/STM32CubeIDE/plugins/com.st.stm32cube.ide.mcu.externaltools.gnu-tools-for-stm32.14.3.rel1.win32_1.0.100.202602081740/tools/bin/../lib/gcc/arm-none-eabi/14.3.1/../../../../arm-none-eabi/lib/thumb/v8-m.main+fp/hard\libc_nano.a(libc_a-fwalk.o)
                              C:/ST/STM32CubeIDE_2.1.1/STM32CubeIDE/plugins/com.st.stm32cube.ide.mcu.externaltools.gnu-tools-for-stm32.14.3.rel1.win32_1.0.100.202602081740/tools/bin/../lib/gcc/arm-none-eabi/14.3.1/../../../../arm-none-eabi/lib/thumb/v8-m.main+fp/hard\libc_nano.a(libc_a-findfp.o) (_fwalk_sglue)
C:/ST/STM32CubeIDE_2.1.1/STM32CubeIDE/plugins/com.st.stm32cube.ide.mcu.externaltools.gnu-tools-for-stm32.14.3.rel1.win32_1.0.100.202602081740/tools/bin/../lib/gcc/arm-none-eabi/14.3.1/../../../../arm-none-eabi/lib/thumb/v8-m.main+fp/hard\libc_nano.a(libc_a-stdio.o)
                              C:/ST/STM32CubeIDE_2.1.1/STM32CubeIDE/plugins/com.st.stm32cube.ide.mcu.externaltools.gnu-tools-for-stm32.14.3.rel1.win32_1.0.100.202602081740/tools/bin/../lib/gcc/arm-none-eabi/14.3.1/../../../../arm-none-eabi/lib/thumb/v8-m.main+fp/hard\libc_nano.a(libc_a-findfp.o) (__sread)
C:/ST/STM32CubeIDE_2.1.1/STM32CubeIDE/plugins/com.st.stm32cube.ide.mcu.externaltools.gnu-tools-for-stm32.14.3.rel1.win32_1.0.100.202602081740/tools/bin/../lib/gcc/arm-none-eabi/14.3.1/../../../../arm-none-eabi/lib/thumb/v8-m.main+fp/hard\libc_nano.a(libc_a-memset.o)
                              C:/ST/STM32CubeIDE_2.1.1/STM32CubeIDE/plugins/com.st.stm32cube.ide.mcu.externaltools.gnu-tools-for-stm32.14.3.rel1.win32_1.0.100.202602081740/tools/bin/../lib/gcc/arm-none-eabi/14.3.1/../../../../arm-none-eabi/lib/thumb/v8-m.main+fp/hard/crt0.o (memset)
C:/ST/STM32CubeIDE_2.1.1/STM32CubeIDE/plugins/com.st.stm32cube.ide.mcu.externaltools.gnu-tools-for-stm32.14.3.rel1.win32_1.0.100.202602081740/tools/bin/../lib/gcc/arm-none-eabi/14.3.1/../../../../arm-none-eabi/lib/thumb/v8-m.main+fp/hard\libc_nano.a(libc_a-localeconv.o)
                              C:/ST/STM32CubeIDE_2.1.1/STM32CubeIDE/plugins/com.st.stm32cube.ide.mcu.externaltools.gnu-tools-for-stm32.14.3.rel1.win32_1.0.100.202602081740/tools/bin/../lib/gcc/arm-none-eabi/14.3.1/../../../../arm-none-eabi/lib/thumb/v8-m.main+fp/hard\libc_nano.a(libc_a-nano-vfprintf_float.o) (_localeconv_r)
C:/ST/STM32CubeIDE_2.1.1/STM32CubeIDE/plugins/com.st.stm32cube.ide.mcu.externaltools.gnu-tools-for-stm32.14.3.rel1.win32_1.0.100.202602081740/tools/bin/../lib/gcc/arm-none-eabi/14.3.1/../../../../arm-none-eabi/lib/thumb/v8-m.main+fp/hard\libc_nano.a(libc_a-closer.o)
                              C:/ST/STM32CubeIDE_2.1.1/STM32CubeIDE/plugins/com.st.stm32cube.ide.mcu.externaltools.gnu-tools-for-stm32.14.3.rel1.win32_1.0.100.202602081740/tools/bin/../lib/gcc/arm-none-eabi/14.3.1/../../../../arm-none-eabi/lib/thumb/v8-m.main+fp/hard\libc_nano.a(libc_a-stdio.o) (_close_r)
[...]
Memory Configuration

Name             Origin             Length             Attributes
ROM              0x08000000         0x00040000         xr
RAM              0x20000000         0x00010000         xrw
*default*        0x00000000         0xffffffff

Linker script and memory map

LOAD C:/ST/STM32CubeIDE_2.1.1/STM32CubeIDE/plugins/com.st.stm32cube.ide.mcu.externaltools.gnu-tools-for-stm32.14.3.rel1.win32_1.0.100.202602081740/tools/bin/../lib/gcc/arm-none-eabi/14.3.1/thumb/v8-m.main+fp/hard/crti.o
LOAD C:/ST/STM32CubeIDE_2.1.1/STM32CubeIDE/plugins/com.st.stm32cube.ide.mcu.externaltools.gnu-tools-for-stm32.14.3.rel1.win32_1.0.100.202602081740/tools/bin/../lib/gcc/arm-none-eabi/14.3.1/thumb/v8-m.main+fp/hard/crtbegin.o
LOAD C:/ST/STM32CubeIDE_2.1.1/STM32CubeIDE/plugins/com.st.stm32cube.ide.mcu.externaltools.gnu-tools-for-stm32.14.3.rel1.win32_1.0.100.202602081740/tools/bin/../lib/gcc/arm-none-eabi/14.3.1/../../../../arm-none-eabi/lib/thumb/v8-m.main+fp/hard/crt0.o
START GROUP
LOAD C:/ST/STM32CubeIDE_2.1.1/STM32CubeIDE/plugins/com.st.stm32cube.ide.mcu.externaltools.gnu-tools-for-stm32.14.3.rel1.win32_1.0.100.202602081740/tools/bin/../lib/gcc/arm-none-eabi/14.3.1/../../../../arm-none-eabi/lib/thumb/v8-m.main+fp/hard\libc_nano.a
LOAD C:/ST/STM32CubeIDE_2.1.1/STM32CubeIDE/plugins/com.st.stm32cube.ide.mcu.externaltools.gnu-tools-for-stm32.14.3.rel1.win32_1.0.100.202602081740/tools/bin/../lib/gcc/arm-none-eabi/14.3.1/../../../../arm-none-eabi/lib/thumb/v8-m.main+fp/hard\libm.a
END GROUP
LOAD CMakeFiles/STM32C5_LSM6DSK320X_Project6.dir/main.c.obj
LOAD CMakeFiles/STM32C5_LSM6DSK320X_Project6.dir/lsm6dsk320x_reg.c.obj
LOAD CMakeFiles/STM32C5_LSM6DSK320X_Project6.dir/generated/hal/mx_cortex_mpu.c.obj
LOAD CMakeFiles/STM32C5_LSM6DSK320X_Project6.dir/generated/hal/mx_cortex_nvic.c.obj
LOAD CMakeFiles/STM32C5_LSM6DSK320X_Project6.dir/generated/hal/mx_gpio_default.c.obj
LOAD CMakeFiles/STM32C5_LSM6DSK320X_Project6.dir/generated/hal/mx_i2c1.c.obj
LOAD CMakeFiles/STM32C5_LSM6DSK320X_Project6.dir/generated/hal/mx_icache.c.obj
LOAD CMakeFiles/STM32C5_LSM6DSK320X_Project6.dir/generated/hal/mx_rcc.c.obj
LOAD CMakeFiles/STM32C5_LSM6DSK320X_Project6.dir/generated/hal/mx_system.c.obj
LOAD CMakeFiles/STM32C5_LSM6DSK320X_Project6.dir/generated/hal/mx_usart1.c.obj
LOAD CMakeFiles/STM32C5_LSM6DSK320X_Project6.dir/user_modifiable/Device/STM32C542CCT6/system_stm32c5xx.c.obj
LOAD CMakeFiles/STM32C5_LSM6DSK320X_Project6.dir/user_modifiable/Device/STM32C542CCT6/startup_stm32c542xx.c.obj
LOAD CMakeFiles/STM32C5_LSM6DSK320X_Project6.dir/stm32c5xx_drivers/hal/stm32c5xx_hal.c.obj
LOAD CMakeFiles/STM32C5_LSM6DSK320X_Project6.dir/stm32c5xx_drivers/hal/stm32c5xx_hal_cortex.c.obj
LOAD CMakeFiles/STM32C5_LSM6DSK320X_Project6.dir/stm32c5xx_drivers/hal/stm32c5xx_hal_dma.c.obj
LOAD CMakeFiles/STM32C5_LSM6DSK320X_Project6.dir/stm32c5xx_drivers/hal/stm32c5xx_hal_exti.c.obj
LOAD CMakeFiles/STM32C5_LSM6DSK320X_Project6.dir/stm32c5xx_drivers/hal/stm32c5xx_hal_flash_itf.c.obj
LOAD CMakeFiles/STM32C5_LSM6DSK320X_Project6.dir/stm32c5xx_drivers/hal/stm32c5xx_hal_gpio.c.obj
LOAD CMakeFiles/STM32C5_LSM6DSK320X_Project6.dir/stm32c5xx_drivers/hal/stm32c5xx_hal_i2c.c.obj
LOAD CMakeFiles/STM32C5_LSM6DSK320X_Project6.dir/stm32c5xx_drivers/hal/stm32c5xx_hal_icache.c.obj
LOAD CMakeFiles/STM32C5_LSM6DSK320X_Project6.dir/stm32c5xx_drivers/hal/stm32c5xx_hal_pwr.c.obj
LOAD CMakeFiles/STM32C5_LSM6DSK320X_Project6.dir/stm32c5xx_drivers/hal/stm32c5xx_hal_q.c.obj
LOAD CMakeFiles/STM32C5_LSM6DSK320X_Project6.dir/stm32c5xx_drivers/hal/stm32c5xx_hal_rcc.c.obj
LOAD CMakeFiles/STM32C5_LSM6DSK320X_Project6.dir/stm32c5xx_drivers/hal/stm32c5xx_hal_uart.c.obj
LOAD CMakeFiles/STM32C5_LSM6DSK320X_Project6.dir/utilities/syscalls/syscalls.c.obj
LOAD CMakeFiles/STM32C5_LSM6DSK320X_Project6.dir/utilities/syscalls/sysmem.c.obj
START GROUP
LOAD C:/ST/STM32CubeIDE_2.1.1/STM32CubeIDE/plugins/com.st.stm32cube.ide.mcu.externaltools.gnu-tools-for-stm32.14.3.rel1.win32_1.0.100.202602081740/tools/bin/../lib/gcc/arm-none-eabi/14.3.1/thumb/v8-m.main+fp/hard\libgcc.a
LOAD C:/ST/STM32CubeIDE_2.1.1/STM32CubeIDE/plugins/com.st.stm32cube.ide.mcu.externaltools.gnu-tools-for-stm32.14.3.rel1.win32_1.0.100.202602081740/tools/bin/../lib/gcc/arm-none-eabi/14.3.1/../../../../arm-none-eabi/lib/thumb/v8-m.main+fp/hard\libc_nano.a
END GROUP
START GROUP
LOAD C:/ST/STM32CubeIDE_2.1.1/STM32CubeIDE/plugins/com.st.stm32cube.ide.mcu.externaltools.gnu-tools-for-stm32.14.3.rel1.win32_1.0.100.202602081740/tools/bin/../lib/gcc/arm-none-eabi/14.3.1/thumb/v8-m.main+fp/hard\libgcc.a
LOAD C:/ST/STM32CubeIDE_2.1.1/STM32CubeIDE/plugins/com.st.stm32cube.ide.mcu.externaltools.gnu-tools-for-stm32.14.3.rel1.win32_1.0.100.202602081740/tools/bin/../lib/gcc/arm-none-eabi/14.3.1/../../../../arm-none-eabi/lib/thumb/v8-m.main+fp/hard\libc_nano.a
LOAD C:/ST/STM32CubeIDE_2.1.1/STM32CubeIDE/plugins/com.st.stm32cube.ide.mcu.externaltools.gnu-tools-for-stm32.14.3.rel1.win32_1.0.100.202602081740/tools/bin/../lib/gcc/arm-none-eabi/14.3.1/../../../../arm-none-eabi/lib/thumb/v8-m.main+fp/hard\libnosys.a
END GROUP
START GROUP
LOAD C:/ST/STM32CubeIDE_2.1.1/STM32CubeIDE/plugins/com.st.stm32cube.ide.mcu.externaltools.gnu-tools-for-stm32.14.3.rel1.win32_1.0.100.202602081740/tools/bin/../lib/gcc/arm-none-eabi/14.3.1/thumb/v8-m.main+fp/hard\libgcc.a
LOAD C:/ST/STM32CubeIDE_2.1.1/STM32CubeIDE/plugins/com.st.stm32cube.ide.mcu.externaltools.gnu-tools-for-stm32.14.3.rel1.win32_1.0.100.202602081740/tools/bin/../lib/gcc/arm-none-eabi/14.3.1/../../../../arm-none-eabi/lib/thumb/v8-m.main+fp/hard\libc_nano.a
LOAD C:/ST/STM32CubeIDE_2.1.1/STM32CubeIDE/plugins/com.st.stm32cube.ide.mcu.externaltools.gnu-tools-for-stm32.14.3.rel1.win32_1.0.100.202602081740/tools/bin/../lib/gcc/arm-none-eabi/14.3.1/../../../../arm-none-eabi/lib/thumb/v8-m.main+fp/hard\libnosys.a
END GROUP
LOAD C:/ST/STM32CubeIDE_2.1.1/STM32CubeIDE/plugins/com.st.stm32cube.ide.mcu.externaltools.gnu-tools-for-stm32.14.3.rel1.win32_1.0.100.202602081740/tools/bin/../lib/gcc/arm-none-eabi/14.3.1/thumb/v8-m.main+fp/hard/crtend.o
LOAD C:/ST/STM32CubeIDE_2.1.1/STM32CubeIDE/plugins/com.st.stm32cube.ide.mcu.externaltools.gnu-tools-for-stm32.14.3.rel1.win32_1.0.100.202602081740/tools/bin/../lib/gcc/arm-none-eabi/14.3.1/thumb/v8-m.main+fp/hard/crtn.o
                0x00000200                        HEAP_SIZE = 0x200
                0x00000400                        STACK_SIZE = 0x400

.vectors        0x08000000      0x1a8
                0x08000000                        . = ALIGN (0x8)
 *(.vectors)
 .vectors       0x08000000      0x1a4 CMakeFiles/STM32C5_LSM6DSK320X_Project6.dir/user_modifiable/Device/STM32C542CCT6/startup_stm32c542xx.c.obj
                0x08000000                __Vectors
                0x080001a8                        . = ALIGN (0x8)
 *fill*         0x080001a4        0x4 

.text           0x080001a8     0x8b10
                0x080001a8                        . = ALIGN (0x8)
 *(.text)
 .text          0x080001a8       0x40 C:/ST/STM32CubeIDE_2.1.1/STM32CubeIDE/plugins/com.st.stm32cube.ide.mcu.externaltools.gnu-tools-for-stm32.14.3.rel1.win32_1.0.100.202602081740/tools/bin/../lib/gcc/arm-none-eabi/14.3.1/thumb/v8-m.main+fp/hard/crtbegin.o
 .text          0x080001e8       0x7c C:/ST/STM32CubeIDE_2.1.1/STM32CubeIDE/plugins/com.st.stm32cube.ide.mcu.externaltools.gnu-tools-for-stm32.14.3.rel1.win32_1.0.100.202602081740/tools/bin/../lib/gcc/arm-none-eabi/14.3.1/../../../../arm-none-eabi/lib/thumb/v8-m.main+fp/hard/crt0.o
                0x080001e8                _stack_init
                0x080001f0                _start
                0x080001f0                _mainCRTStartup
 .text          0x08000264       0x10 C:/ST/STM32CubeIDE_2.1.1/STM32CubeIDE/plugins/com.st.stm32cube.ide.mcu.externaltools.gnu-tools-for-stm32.14.3.rel1.win32_1.0.100.202602081740/tools/bin/../lib/gcc/arm-none-eabi/14.3.1/../../../../arm-none-eabi/lib/thumb/v8-m.main+fp/hard\libc_nano.a(libc_a-strlen.o)
                0x08000264                strlen
 .text          0x08000274      0x378 C:/ST/STM32CubeIDE_2.1.1/STM32CubeIDE/plugins/com.st.stm32cube.ide.mcu.externaltools.gnu-tools-for-stm32.14.3.rel1.win32_1.0.100.202602081740/tools/bin/../lib/gcc/arm-none-eabi/14.3.1/thumb/v8-m.main+fp/hard\libgcc.a(_arm_addsubdf3.o)
                0x08000274                __aeabi_drsub
                0x0800027c                __aeabi_dsub
                0x0800027c                __subdf3
                0x08000280                __aeabi_dadd
                0x08000280                __adddf3
                0x080004f8                __floatunsidf
                0x080004f8                __aeabi_ui2d
                0x08000518                __floatsidf
                0x08000518                __aeabi_i2d
                0x0800053c                __aeabi_f2d
                0x0800053c                __extendsfdf2
                0x08000580                __floatundidf
                0x08000580                __aeabi_ul2d
                0x08000590                __floatdidf
                0x08000590                __aeabi_l2d
 .text          0x080005ec      0x424 C:/ST/STM32CubeIDE_2.1.1/STM32CubeIDE/plugins/com.st.stm32cube.ide.mcu.externaltools.gnu-tools-for-stm32.14.3.rel1.win32_1.0.100.202602081740/tools/bin/../lib/gcc/arm-none-eabi/14.3.1/thumb/v8-m.main+fp/hard\libgcc.a(_arm_muldivdf3.o)
                0x080005ec                __aeabi_dmul
                0x080005ec                __muldf3
                0x08000840                __divdf3
                0x08000840                __aeabi_ddiv
 .text          0x08000a10      0x110 C:/ST/STM32CubeIDE_2.1.1/STM32CubeIDE/plugins/com.st.stm32cube.ide.mcu.externaltools.gnu-tools-for-stm32.14.3.rel1.win32_1.0.100.202602081740/tools/bin/../lib/gcc/arm-none-eabi/14.3.1/thumb/v8-m.main+fp/hard\libgcc.a(_arm_cmpdf2.o)
                0x08000a10                __gtdf2
                0x08000a10                __gedf2
                0x08000a18                __ltdf2
                0x08000a18                __ledf2
                0x08000a20                __nedf2
                0x08000a20                __eqdf2
                0x08000a20                __cmpdf2
                0x08000a9c                __aeabi_cdrcmple
                0x08000aac                __aeabi_cdcmpeq
                0x08000aac                __aeabi_cdcmple
                0x08000abc                __aeabi_dcmpeq
                0x08000ad0                __aeabi_dcmplt
                0x08000ae4                __aeabi_dcmple
                0x08000af8                __aeabi_dcmpge
                0x08000b0c                __aeabi_dcmpgt
 .text          0x08000b20       0x2c C:/ST/STM32CubeIDE_2.1.1/STM32CubeIDE/plugins/com.st.stm32cube.ide.mcu.externaltools.gnu-tools-for-stm32.14.3.rel1.win32_1.0.100.202602081740/tools/bin/../lib/gcc/arm-none-eabi/14.3.1/thumb/v8-m.main+fp/hard\libgcc.a(_arm_unorddf2.o)
                0x08000b20                __unorddf2
                0x08000b20                __aeabi_dcmpun
 .text          0x08000b4c       0x50 C:/ST/STM32CubeIDE_2.1.1/STM32CubeIDE/plugins/com.st.stm32cube.ide.mcu.externaltools.gnu-tools-for-stm32.14.3.rel1.win32_1.0.100.202602081740/tools/bin/../lib/gcc/arm-none-eabi/14.3.1/thumb/v8-m.main+fp/hard\libgcc.a(_arm_fixdfsi.o)
                0x08000b4c                __aeabi_d2iz
                0x08000b4c                __fixdfsi
 .text          0x08000b9c       0x30 C:/ST/STM32CubeIDE_2.1.1/STM32CubeIDE/plugins/com.st.stm32cube.ide.mcu.externaltools.gnu-tools-for-stm32.14.3.rel1.win32_1.0.100.202602081740/tools/bin/../lib/gcc/arm-none-eabi/14.3.1/thumb/v8-m.main+fp/hard\libgcc.a(_aeabi_uldivmod.o)
                0x08000b9c                __aeabi_uldivmod
 .text          0x08000bcc      0x34c C:/ST/STM32CubeIDE_2.1.1/STM32CubeIDE/plugins/com.st.stm32cube.ide.mcu.externaltools.gnu-tools-for-stm32.14.3.rel1.win32_1.0.100.202602081740/tools/bin/../lib/gcc/arm-none-eabi/14.3.1/thumb/v8-m.main+fp/hard\libgcc.a(_udivmoddi4.o)
                0x08000bcc                __udivmoddi4
 .text          0x08000f18        0x4 C:/ST/STM32CubeIDE_2.1.1/STM32CubeIDE/plugins/com.st.stm32cube.ide.mcu.externaltools.gnu-tools-for-stm32.14.3.rel1.win32_1.0.100.202602081740/tools/bin/../lib/gcc/arm-none-eabi/14.3.1/thumb/v8-m.main+fp/hard\libgcc.a(_dvmd_tls.o)
                0x08000f18                __aeabi_idiv0
                0x08000f18                __aeabi_ldiv0
 *(.text*)
 .text.exit     0x08000f1c       0x24 C:/ST/STM32CubeIDE_2.1.1/STM32CubeIDE/plugins/com.st.stm32cube.ide.mcu.externaltools.gnu-tools-for-stm32.14.3.rel1.win32_1.0.100.202602081740/tools/bin/../lib/gcc/arm-none-eabi/14.3.1/../../../../arm-none-eabi/lib/thumb/v8-m.main+fp/hard\libc_nano.a(libc_a-exit.o)
                0x08000f1c                exit
 .text.__cvt    0x08000f40       0xca C:/ST/STM32CubeIDE_2.1.1/STM32CubeIDE/plugins/com.st.stm32cube.ide.mcu.externaltools.gnu-tools-for-stm32.14.3.rel1.win32_1.0.100.202602081740/tools/bin/../lib/gcc/arm-none-eabi/14.3.1/../../../../arm-none-eabi/lib/thumb/v8-m.main+fp/hard\libc_nano.a(libc_a-nano-vfprintf_float.o)
                0x08000f40                __cvt
 .text.__exponent
                0x0800100a       0x72 C:/ST/STM32CubeIDE_2.1.1/STM32CubeIDE/plugins/com.st.stm32cube.ide.mcu.externaltools.gnu-tools-for-stm32.14.3.rel1.win32_1.0.100.202602081740/tools/bin/../lib/gcc/arm-none-eabi/14.3.1/../../../../arm-none-eabi/lib/thumb/v8-m.main+fp/hard\libc_nano.a(libc_a-nano-vfprintf_float.o)
                0x0800100a                __exponent
 .text._printf_float
                0x0800107c      0x450 C:/ST/STM32CubeIDE_2.1.1/STM32CubeIDE/plugins/com.st.stm32cube.ide.mcu.externaltools.gnu-tools-for-stm32.14.3.rel1.win32_1.0.100.202602081740/tools/bin/../lib/gcc/arm-none-eabi/14.3.1/../../../../arm-none-eabi/lib/thumb/v8-m.main+fp/hard\libc_nano.a(libc_a-nano-vfprintf_float.o)
                0x0800107c                _printf_float
 .text._printf_common
                0x080014cc       0xe4 C:/ST/STM32CubeIDE_2.1.1/STM32CubeIDE/plugins/com.st.stm32cube.ide.mcu.externaltools.gnu-tools-for-stm32.14.3.rel1.win32_1.0.100.202602081740/tools/bin/../lib/gcc/arm-none-eabi/14.3.1/../../../../arm-none-eabi/lib/thumb/v8-m.main+fp/hard\libc_nano.a(libc_a-nano-vfprintf_i.o)
                0x080014cc                _printf_common
 .text._printf_i
                0x080015b0      0x24c C:/ST/STM32CubeIDE_2.1.1/STM32CubeIDE/plugins/com.st.stm32cube.ide.mcu.externaltools.gnu-tools-for-stm32.14.3.rel1.win32_1.0.100.202602081740/tools/bin/../lib/gcc/arm-none-eabi/14.3.1/../../../../arm-none-eabi/lib/thumb/v8-m.main+fp/hard\libc_nano.a(libc_a-nano-vfprintf_i.o)
                0x080015b0                _printf_i
 .text.std      0x080017fc       0x6c C:/ST/STM32CubeIDE_2.1.1/STM32CubeIDE/plugins/com.st.stm32cube.ide.mcu.externaltools.gnu-tools-for-stm32.14.3.rel1.win32_1.0.100.202602081740/tools/bin/../lib/gcc/arm-none-eabi/14.3.1/../../../../arm-none-eabi/lib/thumb/v8-m.main+fp/hard\libc_nano.a(libc_a-findfp.o)
 .text.stdio_exit_handler
                0x08001868       0x18 C:/ST/STM32CubeIDE_2.1.1/STM32CubeIDE/plugins/com.st.stm32cube.ide.mcu.externaltools.gnu-tools-for-stm32.14.3.rel1.win32_1.0.100.202602081740/tools/bin/../lib/gcc/arm-none-eabi/14.3.1/../../../../arm-none-eabi/lib/thumb/v8-m.main+fp/hard\libc_nano.a(libc_a-findfp.o)
 .text.cleanup_stdio
                0x08001880       0x40 C:/ST/STM32CubeIDE_2.1.1/STM32CubeIDE/plugins/com.st.stm32cube.ide.mcu.externaltools.gnu-tools-for-stm32.14.3.rel1.win32_1.0.100.202602081740/tools/bin/../lib/gcc/arm-none-eabi/14.3.1/../../../../arm-none-eabi/lib/thumb/v8-m.main+fp/hard\libc_nano.a(libc_a-findfp.o)
 .text.global_stdio_init.part.0
                0x080018c0       0x40 C:/ST/STM32CubeIDE_2.1.1/STM32CubeIDE/plugins/com.st.stm32cube.ide.mcu.externaltools.gnu-tools-for-stm32.14.3.rel1.win32_1.0.100.202602081740/tools/bin/../lib/gcc/arm-none-eabi/14.3.1/../../../../arm-none-eabi/lib/thumb/v8-m.main+fp/hard\libc_nano.a(libc_a-findfp.o)
 .text.__sfp_lock_acquire
                0x08001900        0xc C:/ST/STM32CubeIDE_2.1.1/STM32CubeIDE/plugins/com.st.stm32cube.ide.mcu.externaltools.gnu-tools-for-stm32.14.3.rel1.win32_1.0.100.202602081740/tools/bin/../lib/gcc/arm-none-eabi/14.3.1/../../../../arm-none-eabi/lib/thumb/v8-m.main+fp/hard\libc_nano.a(libc_a-findfp.o)
                0x08001900                __sfp_lock_acquire
 .text.__sfp_lock_release
                0x0800190c        0xc C:/ST/STM32CubeIDE_2.1.1/STM32CubeIDE/plugins/com.st.stm32cube.ide.mcu.externaltools.gnu-tools-for-stm32.14.3.rel1.win32_1.0.100.202602081740/tools/bin/../lib/gcc/arm-none-eabi/14.3.1/../../../../arm-none-eabi/lib/thumb/v8-m.main+fp/hard\libc_nano.a(libc_a-findfp.o)
                0x0800190c                __sfp_lock_release
 .text.__sinit  0x08001918       0x30 C:/ST/STM32CubeIDE_2.1.1/STM32CubeIDE/plugins/com.st.stm32cube.ide.mcu.externaltools.gnu-tools-for-stm32.14.3.rel1.win32_1.0.100.202602081740/tools/bin/../lib/gcc/arm-none-eabi/14.3.1/../../../../arm-none-eabi/lib/thumb/v8-m.main+fp/hard\libc_nano.a(libc_a-findfp.o)
                0x08001918                __sinit
 .text._fwalk_sglue
                0x08001948       0x3c C:/ST/STM32CubeIDE_2.1.1/STM32CubeIDE/plugins/com.st.stm32cube.ide.mcu.externaltools.gnu-tools-for-stm32.14.3.rel1.win32_1.0.100.202602081740/tools/bin/../lib/gcc/arm-none-eabi/14.3.1/../../../../arm-none-eabi/lib/thumb/v8-m.main+fp/hard\libc_nano.a(libc_a-fwalk.o)
                0x08001948                _fwalk_sglue
 .text.__sread  0x08001984       0x22 C:/ST/STM32CubeIDE_2.1.1/STM32CubeIDE/plugins/com.st.stm32cube.ide.mcu.externaltools.gnu-tools-for-stm32.14.3.rel1.win32_1.0.100.202602081740/tools/bin/../lib/gcc/arm-none-eabi/14.3.1/../../../../arm-none-eabi/lib/thumb/v8-m.main+fp/hard\libc_nano.a(libc_a-stdio.o)
                0x08001984                __sread
 .text.__swrite
                0x080019a6       0x38 C:/ST/STM32CubeIDE_2.1.1/STM32CubeIDE/plugins/com.st.stm32cube.ide.mcu.externaltools.gnu-tools-for-stm32.14.3.rel1.win32_1.0.100.202602081740/tools/bin/../lib/gcc/arm-none-eabi/14.3.1/../../../../arm-none-eabi/lib/thumb/v8-m.main+fp/hard\libc_nano.a(libc_a-stdio.o)
                0x080019a6                __swrite
 .text.__sseek  0x080019de       0x26 C:/ST/STM32CubeIDE_2.1.1/STM32CubeIDE/plugins/com.st.stm32cube.ide.mcu.externaltools.gnu-tools-for-stm32.14.3.rel1.win32_1.0.100.202602081740/tools/bin/../lib/gcc/arm-none-eabi/14.3.1/../../../../arm-none-eabi/lib/thumb/v8-m.main+fp/hard\libc_nano.a(libc_a-stdio.o)
                0x080019de                __sseek
 .text.__sclose
                0x08001a04        0x8 C:/ST/STM32CubeIDE_2.1.1/STM32CubeIDE/plugins/com.st.stm32cube.ide.mcu.externaltools.gnu-tools-for-stm32.14.3.rel1.win32_1.0.100.202602081740/tools/bin/../lib/gcc/arm-none-eabi/14.3.1/../../../../arm-none-eabi/lib/thumb/v8-m.main+fp/hard\libc_nano.a(libc_a-stdio.o)
                0x08001a04                __sclose
 .text.memset   0x08001a0c       0x10 C:/ST/STM32CubeIDE_2.1.1/STM32CubeIDE/plugins/com.st.stm32cube.ide.mcu.externaltools.gnu-tools-for-stm32.14.3.rel1.win32_1.0.100.202602081740/tools/bin/../lib/gcc/arm-none-eabi/14.3.1/../../../../arm-none-eabi/lib/thumb/v8-m.main+fp/hard\libc_nano.a(libc_a-memset.o)
                0x08001a0c                memset
 .text._localeconv_r
                0x08001a1c        0x8 C:/ST/STM32CubeIDE_2.1.1/STM32CubeIDE/plugins/com.st.stm32cube.ide.mcu.externaltools.gnu-tools-for-stm32.14.3.rel1.win32_1.0.100.202602081740/tools/bin/../lib/gcc/arm-none-eabi/14.3.1/../../../../arm-none-eabi/lib/thumb/v8-m.main+fp/hard\libc_nano.a(libc_a-localeconv.o)
                0x08001a1c                _localeconv_r
 .text._close_r
                0x08001a24       0x20 C:/ST/STM32CubeIDE_2.1.1/STM32CubeIDE/plugins/com.st.stm32cube.ide.mcu.externaltools.gnu-tools-for-stm32.14.3.rel1.win32_1.0.100.202602081740/tools/bin/../lib/gcc/arm-none-eabi/14.3.1/../../../../arm-none-eabi/lib/thumb/v8-m.main+fp/hard\libc_nano.a(libc_a-closer.o)
                0x08001a24                _close_r
 .text._lseek_r
                0x08001a44       0x24 C:/ST/STM32CubeIDE_2.1.1/STM32CubeIDE/plugins/com.st.stm32cube.ide.mcu.externaltools.gnu-tools-for-stm32.14.3.rel1.win32_1.0.100.202602081740/tools/bin/../lib/gcc/arm-none-eabi/14.3.1/../../../../arm-none-eabi/lib/thumb/v8-m.main+fp/hard\libc_nano.a(libc_a-lseekr.o)
                0x08001a44                _lseek_r
 .text._read_r  0x08001a68       0x24 C:/ST/STM32CubeIDE_2.1.1/STM32CubeIDE/plugins/com.st.stm32cube.ide.mcu.externaltools.gnu-tools-for-stm32.14.3.rel1.win32_1.0.100.202602081740/tools/bin/../lib/gcc/arm-none-eabi/14.3.1/../../../../arm-none-eabi/lib/thumb/v8-m.main+fp/hard\libc_nano.a(libc_a-readr.o)
                0x08001a68                _read_r
 .text._write_r
                0x08001a8c       0x24 C:/ST/STM32CubeIDE_2.1.1/STM32CubeIDE/plugins/com.st.stm32cube.ide.mcu.externaltools.gnu-tools-for-stm32.14.3.rel1.win32_1.0.100.202602081740/tools/bin/../lib/gcc/arm-none-eabi/14.3.1/../../../../arm-none-eabi/lib/thumb/v8-m.main+fp/hard\libc_nano.a(libc_a-writer.o)
                0x08001a8c                _write_r
 .text.__libc_init_array
                0x08001ab0       0x48 C:/ST/STM32CubeIDE_2.1.1/STM32CubeIDE/plugins/com.st.stm32cube.ide.mcu.externaltools.gnu-tools-for-stm32.14.3.rel1.win32_1.0.100.202602081740/tools/bin/../lib/gcc/arm-none-eabi/14.3.1/../../../../arm-none-eabi/lib/thumb/v8-m.main+fp/hard\libc_nano.a(libc_a-init.o)
                0x08001ab0                __libc_init_array
 .text.__retarget_lock_init_recursive
                0x08001af8        0x2 C:/ST/STM32CubeIDE_2.1.1/STM32CubeIDE/plugins/com.st.stm32cube.ide.mcu.externaltools.gnu-tools-for-stm32.14.3.rel1.win32_1.0.100.202602081740/tools/bin/../lib/gcc/arm-none-eabi/14.3.1/../../../../arm-none-eabi/lib/thumb/v8-m.main+fp/hard\libc_nano.a(libc_a-lock.o)
                0x08001af8                __retarget_lock_init_recursive
 .text.__retarget_lock_acquire_recursive
                0x08001afa        0x2 C:/ST/STM32CubeIDE_2.1.1/STM32CubeIDE/plugins/com.st.stm32cube.ide.mcu.externaltools.gnu-tools-for-stm32.14.3.rel1.win32_1.0.100.202602081740/tools/bin/../lib/gcc/arm-none-eabi/14.3.1/../../../../arm-none-eabi/lib/thumb/v8-m.main+fp/hard\libc_nano.a(libc_a-lock.o)
                0x08001afa                __retarget_lock_acquire_recursive
 .text.__retarget_lock_release_recursive
                0x08001afc        0x2 C:/ST/STM32CubeIDE_2.1.1/STM32CubeIDE/plugins/com.st.stm32cube.ide.mcu.externaltools.gnu-tools-for-stm32.14.3.rel1.win32_1.0.100.202602081740/tools/bin/../lib/gcc/arm-none-eabi/14.3.1/../../../../arm-none-eabi/lib/thumb/v8-m.main+fp/hard\libc_nano.a(libc_a-lock.o)
                0x08001afc                __retarget_lock_release_recursive
 .text.memchr   0x08001afe       0x1c C:/ST/STM32CubeIDE_2.1.1/STM32CubeIDE/plugins/com.st.stm32cube.ide.mcu.externaltools.gnu-tools-for-stm32.14.3.rel1.win32_1.0.100.202602081740/tools/bin/../lib/gcc/arm-none-eabi/14.3.1/../../../../arm-none-eabi/lib/thumb/v8-m.main+fp/hard\libc_nano.a(libc_a-memchr-stub.o)
                0x08001afe                memchr
 .text.quorem   0x08001b1a      0x11a C:/ST/STM32CubeIDE_2.1.1/STM32CubeIDE/plugins/com.st.stm32cube.ide.mcu.externaltools.gnu-tools-for-stm32.14.3.rel1.win32_1.0.100.202602081740/tools/bin/../lib/gcc/arm-none-eabi/14.3.1/../../../../arm-none-eabi/lib/thumb/v8-m.main+fp/hard\libc_nano.a(libc_a-dtoa.o)
 *fill*         0x08001c34        0x4 
 .text._dtoa_r  0x08001c38      0xbb8 C:/ST/STM32CubeIDE_2.1.1/STM32CubeIDE/plugins/com.st.stm32cube.ide.mcu.externaltools.gnu-tools-for-stm32.14.3.rel1.win32_1.0.100.202602081740/tools/bin/../lib/gcc/arm-none-eabi/14.3.1/../../../../arm-none-eabi/lib/thumb/v8-m.main+fp/hard\libc_nano.a(libc_a-dtoa.o)
                0x08001c38                _dtoa_r
 .text._free_r  0x080027f0       0x94 C:/ST/STM32CubeIDE_2.1.1/STM32CubeIDE/plugins/com.st.stm32cube.ide.mcu.externaltools.gnu-tools-for-stm32.14.3.rel1.win32_1.0.100.202602081740/tools/bin/../lib/gcc/arm-none-eabi/14.3.1/../../../../arm-none-eabi/lib/thumb/v8-m.main+fp/hard\libc_nano.a(libc_a-freer.o)
                0x080027f0                _free_r
 .text.malloc   0x08002884       0x10 C:/ST/STM32CubeIDE_2.1.1/STM32CubeIDE/plugins/com.st.stm32cube.ide.mcu.externaltools.gnu-tools-for-stm32.14.3.rel1.win32_1.0.100.202602081740/tools/bin/../lib/gcc/arm-none-eabi/14.3.1/../../../../arm-none-eabi/lib/thumb/v8-m.main+fp/hard\libc_nano.a(libc_a-malloc.o)
                0x08002884                malloc
 .text.sbrk_aligned
                0x08002894       0x44 C:/ST/STM32CubeIDE_2.1.1/STM32CubeIDE/plugins/com.st.stm32cube.ide.mcu.externaltools.gnu-tools-for-stm32.14.3.rel1.win32_1.0.100.202602081740/tools/bin/../lib/gcc/arm-none-eabi/14.3.1/../../../../arm-none-eabi/lib/thumb/v8-m.main+fp/hard\libc_nano.a(libc_a-mallocr.o)
 .text._malloc_r
                0x080028d8      0x100 C:/ST/STM32CubeIDE_2.1.1/STM32CubeIDE/plugins/com.st.stm32cube.ide.mcu.externaltools.gnu-tools-for-stm32.14.3.rel1.win32_1.0.100.202602081740/tools/bin/../lib/gcc/arm-none-eabi/14.3.1/../../../../arm-none-eabi/lib/thumb/v8-m.main+fp/hard\libc_nano.a(libc_a-mallocr.o)
                0x080028d8                _malloc_r
 .text.__malloc_lock
                0x080029d8        0xc C:/ST/STM32CubeIDE_2.1.1/STM32CubeIDE/plugins/com.st.stm32cube.ide.mcu.externaltools.gnu-tools-for-stm32.14.3.rel1.win32_1.0.100.202602081740/tools/bin/../lib/gcc/arm-none-eabi/14.3.1/../../../../arm-none-eabi/lib/thumb/v8-m.main+fp/hard\libc_nano.a(libc_a-mlock.o)
                0x080029d8                __malloc_lock
 .text.__malloc_unlock
                0x080029e4        0xc C:/ST/STM32CubeIDE_2.1.1/STM32CubeIDE/plugins/com.st.stm32cube.ide.mcu.externaltools.gnu-tools-for-stm32.14.3.rel1.win32_1.0.100.202602081740/tools/bin/../lib/gcc/arm-none-eabi/14.3.1/../../../../arm-none-eabi/lib/thumb/v8-m.main+fp/hard\libc_nano.a(libc_a-mlock.o)
                0x080029e4                __malloc_unlock
 .text._Balloc  0x080029f0       0x7c C:/ST/STM32CubeIDE_2.1.1/STM32CubeIDE/plugins/com.st.stm32cube.ide.mcu.externaltools.gnu-tools-for-stm32.14.3.rel1.win32_1.0.100.202602081740/tools/bin/../lib/gcc/arm-none-eabi/14.3.1/../../../../arm-none-eabi/lib/thumb/v8-m.main+fp/hard\libc_nano.a(libc_a-mprec.o)
                0x080029f0                _Balloc
 .text._Bfree   0x08002a6c       0x44 C:/ST/STM32CubeIDE_2.1.1/STM32CubeIDE/plugins/com.st.stm32cube.ide.mcu.externaltools.gnu-tools-for-stm32.14.3.rel1.win32_1.0.100.202602081740/tools/bin/../lib/gcc/arm-none-eabi/14.3.1/../../../../arm-none-eabi/lib/thumb/v8-m.main+fp/hard\libc_nano.a(libc_a-mprec.o)
                0x08002a6c                _Bfree
 .text.__multadd
                0x08002ab0       0x90 C:/ST/STM32CubeIDE_2.1.1/STM32CubeIDE/plugins/com.st.stm32cube.ide.mcu.externaltools.gnu-tools-for-stm32.14.3.rel1.win32_1.0.100.202602081740/tools/bin/../lib/gcc/arm-none-eabi/14.3.1/../../../../arm-none-eabi/lib/thumb/v8-m.main+fp/hard\libc_nano.a(libc_a-mprec.o)
                0x08002ab0                __multadd
 .text.__hi0bits
                0x08002b40       0x3e C:/ST/STM32CubeIDE_2.1.1/STM32CubeIDE/plugins/com.st.stm32cube.ide.mcu.externaltools.gnu-tools-for-stm32.14.3.rel1.win32_1.0.100.202602081740/tools/bin/../lib/gcc/arm-none-eabi/14.3.1/../../../../arm-none-eabi/lib/thumb/v8-m.main+fp/hard\libc_nano.a(libc_a-mprec.o)
                0x08002b40                __hi0bits
 .text.__lo0bits
                0x08002b7e       0x5a C:/ST/STM32CubeIDE_2.1.1/STM32CubeIDE/plugins/com.st.stm32cube.ide.mcu.externaltools.gnu-tools-for-stm32.14.3.rel1.win32_1.0.100.202602081740/tools/bin/../lib/gcc/arm-none-eabi/14.3.1/../../../../arm-none-eabi/lib/thumb/v8-m.main+fp/hard\libc_nano.a(libc_a-mprec.o)
                0x08002b7e                __lo0bits
 .text.__i2b    0x08002bd8       0x2c C:/ST/STM32CubeIDE_2.1.1/STM32CubeIDE/plugins/com.st.stm32cube.ide.mcu.externaltools.gnu-tools-for-stm32.14.3.rel1.win32_1.0.100.202602081740/tools/bin/../lib/gcc/arm-none-eabi/14.3.1/../../../../arm-none-eabi/lib/thumb/v8-m.main+fp/hard\libc_nano.a(libc_a-mprec.o)
                0x08002bd8                __i2b
 .text.__multiply
                0x08002c04      0x154 C:/ST/STM32CubeIDE_2.1.1/STM32CubeIDE/plugins/com.st.stm32cube.ide.mcu.externaltools.gnu-tools-for-stm32.14.3.rel1.win32_1.0.100.202602081740/tools/bin/../lib/gcc/arm-none-eabi/14.3.1/../../../../arm-none-eabi/lib/thumb/v8-m.main+fp/hard\libc_nano.a(libc_a-mprec.o)
                0x08002c04                __multiply
 .text.__pow5mult
                0x08002d58       0xb8 C:/ST/STM32CubeIDE_2.1.1/STM32CubeIDE/plugins/com.st.stm32cube.ide.mcu.externaltools.gnu-tools-for-stm32.14.3.rel1.win32_1.0.100.202602081740/tools/bin/../lib/gcc/arm-none-eabi/14.3.1/../../../../arm-none-eabi/lib/thumb/v8-m.main+fp/hard\libc_nano.a(libc_a-mprec.o)
                0x08002d58                __pow5mult
 .text.__lshift
                0x08002e10       0xd8 C:/ST/STM32CubeIDE_2.1.1/STM32CubeIDE/plugins/com.st.stm32cube.ide.mcu.externaltools.gnu-tools-for-stm32.14.3.rel1.win32_1.0.100.202602081740/tools/bin/../lib/gcc/arm-none-eabi/14.3.1/../../../../arm-none-eabi/lib/thumb/v8-m.main+fp/hard\libc_nano.a(libc_a-mprec.o)
                0x08002e10                __lshift
 .text.__mcmp   0x08002ee8       0x36 C:/ST/STM32CubeIDE_2.1.1/STM32CubeIDE/plugins/com.st.stm32cube.ide.mcu.externaltools.gnu-tools-for-stm32.14.3.rel1.win32_1.0.100.202602081740/tools/bin/../lib/gcc/arm-none-eabi/14.3.1/../../../../arm-none-eabi/lib/thumb/v8-m.main+fp/hard\libc_nano.a(libc_a-mprec.o)
                0x08002ee8                __mcmp
 *fill*         0x08002f1e        0x2 
 .text.__mdiff  0x08002f20      0x138 C:/ST/STM32CubeIDE_2.1.1/STM32CubeIDE/plugins/com.st.stm32cube.ide.mcu.externaltools.gnu-tools-for-stm32.14.3.rel1.win32_1.0.100.202602081740/tools/bin/../lib/gcc/arm-none-eabi/14.3.1/../../../../arm-none-eabi/lib/thumb/v8-m.main+fp/hard\libc_nano.a(libc_a-mprec.o)
                0x08002f20                __mdiff
 .text.__d2b    0x08003058       0xb0 C:/ST/STM32CubeIDE_2.1.1/STM32CubeIDE/plugins/com.st.stm32cube.ide.mcu.externaltools.gnu-tools-for-stm32.14.3.rel1.win32_1.0.100.202602081740/tools/bin/../lib/gcc/arm-none-eabi/14.3.1/../../../../arm-none-eabi/lib/thumb/v8-m.main+fp/hard\libc_nano.a(libc_a-mprec.o)
                0x08003058                __d2b
 .text.__sflush_r
                0x08003108      0x100 C:/ST/STM32CubeIDE_2.1.1/STM32CubeIDE/plugins/com.st.stm32cube.ide.mcu.externaltools.gnu-tools-for-stm32.14.3.rel1.win32_1.0.100.202602081740/tools/bin/../lib/gcc/arm-none-eabi/14.3.1/../../../../arm-none-eabi/lib/thumb/v8-m.main+fp/hard\libc_nano.a(libc_a-fflush.o)
                0x08003108                __sflush_r
 .text._fflush_r
                0x08003208       0x50 C:/ST/STM32CubeIDE_2.1.1/STM32CubeIDE/plugins/com.st.stm32cube.ide.mcu.externaltools.gnu-tools-for-stm32.14.3.rel1.win32_1.0.100.202602081740/tools/bin/../lib/gcc/arm-none-eabi/14.3.1/../../../../arm-none-eabi/lib/thumb/v8-m.main+fp/hard\libc_nano.a(libc_a-fflush.o)
                0x08003208                _fflush_r
 .text._sbrk_r  0x08003258       0x20 C:/ST/STM32CubeIDE_2.1.1/STM32CubeIDE/plugins/com.st.stm32cube.ide.mcu.externaltools.gnu-tools-for-stm32.14.3.rel1.win32_1.0.100.202602081740/tools/bin/../lib/gcc/arm-none-eabi/14.3.1/../../../../arm-none-eabi/lib/thumb/v8-m.main+fp/hard\libc_nano.a(libc_a-sbrkr.o)
                0x08003258                _sbrk_r
 .text.memcpy   0x08003278       0x1a C:/ST/STM32CubeIDE_2.1.1/STM32CubeIDE/plugins/com.st.stm32cube.ide.mcu.externaltools.gnu-tools-for-stm32.14.3.rel1.win32_1.0.100.202602081740/tools/bin/../lib/gcc/arm-none-eabi/14.3.1/../../../../arm-none-eabi/lib/thumb/v8-m.main+fp/hard\libc_nano.a(libc_a-memcpy-stub.o)
                0x08003278                memcpy
 *fill*         0x08003292        0x2 
 .text.__assert_func
                0x08003294       0x3c C:/ST/STM32CubeIDE_2.1.1/STM32CubeIDE/plugins/com.st.stm32cube.ide.mcu.externaltools.gnu-tools-for-stm32.14.3.rel1.win32_1.0.100.202602081740/tools/bin/../lib/gcc/arm-none-eabi/14.3.1/../../../../arm-none-eabi/lib/thumb/v8-m.main+fp/hard\libc_nano.a(libc_a-assert.o)
                0x08003294                __assert_func
 .text._calloc_r
                0x080032d0       0x28 C:/ST/STM32CubeIDE_2.1.1/STM32CubeIDE/plugins/com.st.stm32cube.ide.mcu.externaltools.gnu-tools-for-stm32.14.3.rel1.win32_1.0.100.202602081740/tools/bin/../lib/gcc/arm-none-eabi/14.3.1/../../../../arm-none-eabi/lib/thumb/v8-m.main+fp/hard\libc_nano.a(libc_a-callocr.o)
                0x080032d0                _calloc_r
 .text.__ascii_mbtowc
                0x080032f8       0x24 C:/ST/STM32CubeIDE_2.1.1/STM32CubeIDE/plugins/com.st.stm32cube.ide.mcu.externaltools.gnu-tools-for-stm32.14.3.rel1.win32_1.0.100.202602081740/tools/bin/../lib/gcc/arm-none-eabi/14.3.1/../../../../arm-none-eabi/lib/thumb/v8-m.main+fp/hard\libc_nano.a(libc_a-mbtowc_r.o)
                0x080032f8                __ascii_mbtowc
 .text.__ascii_wctomb
                0x0800331c       0x1a C:/ST/STM32CubeIDE_2.1.1/STM32CubeIDE/plugins/com.st.stm32cube.ide.mcu.externaltools.gnu-tools-for-stm32.14.3.rel1.win32_1.0.100.202602081740/tools/bin/../lib/gcc/arm-none-eabi/14.3.1/../../../../arm-none-eabi/lib/thumb/v8-m.main+fp/hard\libc_nano.a(libc_a-wctomb_r.o)
                0x0800331c                __ascii_wctomb
 *fill*         0x08003336        0x2 
 .text.fprintf  0x08003338       0x24 C:/ST/STM32CubeIDE_2.1.1/STM32CubeIDE/plugins/com.st.stm32cube.ide.mcu.externaltools.gnu-tools-for-stm32.14.3.rel1.win32_1.0.100.202602081740/tools/bin/../lib/gcc/arm-none-eabi/14.3.1/../../../../arm-none-eabi/lib/thumb/v8-m.main+fp/hard\libc_nano.a(libc_a-fprintf.o)
                0x08003338                fiprintf
                0x08003338                fprintf
 .text.abort    0x0800335c        0xe C:/ST/STM32CubeIDE_2.1.1/STM32CubeIDE/plugins/com.st.stm32cube.ide.mcu.externaltools.gnu-tools-for-stm32.14.3.rel1.win32_1.0.100.202602081740/tools/bin/../lib/gcc/arm-none-eabi/14.3.1/../../../../arm-none-eabi/lib/thumb/v8-m.main+fp/hard\libc_nano.a(libc_a-abort.o)
                0x0800335c                abort
 .text.__sfputc_r
                0x0800336a       0x2e C:/ST/STM32CubeIDE_2.1.1/STM32CubeIDE/plugins/com.st.stm32cube.ide.mcu.externaltools.gnu-tools-for-stm32.14.3.rel1.win32_1.0.100.202602081740/tools/bin/../lib/gcc/arm-none-eabi/14.3.1/../../../../arm-none-eabi/lib/thumb/v8-m.main+fp/hard\libc_nano.a(libc_a-nano-vfprintf.o)
 .text.__sfputs_r
                0x08003398       0x24 C:/ST/STM32CubeIDE_2.1.1/STM32CubeIDE/plugins/com.st.stm32cube.ide.mcu.externaltools.gnu-tools-for-stm32.14.3.rel1.win32_1.0.100.202602081740/tools/bin/../lib/gcc/arm-none-eabi/14.3.1/../../../../arm-none-eabi/lib/thumb/v8-m.main+fp/hard\libc_nano.a(libc_a-nano-vfprintf.o)
                0x08003398                __sfputs_r
 .text._vfprintf_r
                0x080033bc      0x228 C:/ST/STM32CubeIDE_2.1.1/STM32CubeIDE/plugins/com.st.stm32cube.ide.mcu.externaltools.gnu-tools-for-stm32.14.3.rel1.win32_1.0.100.202602081740/tools/bin/../lib/gcc/arm-none-eabi/14.3.1/../../../../arm-none-eabi/lib/thumb/v8-m.main+fp/hard\libc_nano.a(libc_a-nano-vfprintf.o)
                0x080033bc                _vfprintf_r
                0x080033bc                _vfiprintf_r
 .text.__swbuf_r
                0x080035e4       0x7c C:/ST/STM32CubeIDE_2.1.1/STM32CubeIDE/plugins/com.st.stm32cube.ide.mcu.externaltools.gnu-tools-for-stm32.14.3.rel1.win32_1.0.100.202602081740/tools/bin/../lib/gcc/arm-none-eabi/14.3.1/../../../../arm-none-eabi/lib/thumb/v8-m.main+fp/hard\libc_nano.a(libc_a-wbuf.o)
                0x080035e4                __swbuf_r
 .text.__swsetup_r
                0x08003660       0xa8 C:/ST/STM32CubeIDE_2.1.1/STM32CubeIDE/plugins/com.st.stm32cube.ide.mcu.externaltools.gnu-tools-for-stm32.14.3.rel1.win32_1.0.100.202602081740/tools/bin/../lib/gcc/arm-none-eabi/14.3.1/../../../../arm-none-eabi/lib/thumb/v8-m.main+fp/hard\libc_nano.a(libc_a-wsetup.o)
                0x08003660                __swsetup_r
 .text._raise_r
                0x08003708       0x50 C:/ST/STM32CubeIDE_2.1.1/STM32CubeIDE/plugins/com.st.stm32cube.ide.mcu.externaltools.gnu-tools-for-stm32.14.3.rel1.win32_1.0.100.202602081740/tools/bin/../lib/gcc/arm-none-eabi/14.3.1/../../../../arm-none-eabi/lib/thumb/v8-m.main+fp/hard\libc_nano.a(libc_a-signal.o)
                0x08003708                _raise_r
 .text.raise    0x08003758       0x10 C:/ST/STM32CubeIDE_2.1.1/STM32CubeIDE/plugins/com.st.stm32cube.ide.mcu.externaltools.gnu-tools-for-stm32.14.3.rel1.win32_1.0.100.202602081740/tools/bin/../lib/gcc/arm-none-eabi/14.3.1/../../../../arm-none-eabi/lib/thumb/v8-m.main+fp/hard\libc_nano.a(libc_a-signal.o)
                0x08003758                raise
 .text._kill_r  0x08003768       0x24 C:/ST/STM32CubeIDE_2.1.1/STM32CubeIDE/plugins/com.st.stm32cube.ide.mcu.externaltools.gnu-tools-for-stm32.14.3.rel1.win32_1.0.100.202602081740/tools/bin/../lib/gcc/arm-none-eabi/14.3.1/../../../../arm-none-eabi/lib/thumb/v8-m.main+fp/hard\libc_nano.a(libc_a-signalr.o)
                0x08003768                _kill_r
 .text._getpid_r
                0x0800378c        0x4 C:/ST/STM32CubeIDE_2.1.1/STM32CubeIDE/plugins/com.st.stm32cube.ide.mcu.externaltools.gnu-tools-for-stm32.14.3.rel1.win32_1.0.100.202602081740/tools/bin/../lib/gcc/arm-none-eabi/14.3.1/../../../../arm-none-eabi/lib/thumb/v8-m.main+fp/hard\libc_nano.a(libc_a-signalr.o)
                0x0800378c                _getpid_r
 .text.__swhatbuf_r
                0x08003790       0x48 C:/ST/STM32CubeIDE_2.1.1/STM32CubeIDE/plugins/com.st.stm32cube.ide.mcu.externaltools.gnu-tools-for-stm32.14.3.rel1.win32_1.0.100.202602081740/tools/bin/../lib/gcc/arm-none-eabi/14.3.1/../../../../arm-none-eabi/lib/thumb/v8-m.main+fp/hard\libc_nano.a(libc_a-makebuf.o)
                0x08003790                __swhatbuf_r
 .text.__smakebuf_r
                0x080037d8       0x72 C:/ST/STM32CubeIDE_2.1.1/STM32CubeIDE/plugins/com.st.stm32cube.ide.mcu.externaltools.gnu-tools-for-stm32.14.3.rel1.win32_1.0.100.202602081740/tools/bin/../lib/gcc/arm-none-eabi/14.3.1/../../../../arm-none-eabi/lib/thumb/v8-m.main+fp/hard\libc_nano.a(libc_a-makebuf.o)
                0x080037d8                __smakebuf_r
 *fill*         0x0800384a        0x2 
 .text._fstat_r
                0x0800384c       0x24 C:/ST/STM32CubeIDE_2.1.1/STM32CubeIDE/plugins/com.st.stm32cube.ide.mcu.externaltools.gnu-tools-for-stm32.14.3.rel1.win32_1.0.100.202602081740/tools/bin/../lib/gcc/arm-none-eabi/14.3.1/../../../../arm-none-eabi/lib/thumb/v8-m.main+fp/hard\libc_nano.a(libc_a-fstatr.o)
                0x0800384c                _fstat_r
 .text._isatty_r
                0x08003870       0x20 C:/ST/STM32CubeIDE_2.1.1/STM32CubeIDE/plugins/com.st.stm32cube.ide.mcu.externaltools.gnu-tools-for-stm32.14.3.rel1.win32_1.0.100.202602081740/tools/bin/../lib/gcc/arm-none-eabi/14.3.1/../../../../arm-none-eabi/lib/thumb/v8-m.main+fp/hard\libc_nano.a(libc_a-isattyr.o)
                0x08003870                _isatty_r
 .text._write   0x08003890       0x30 CMakeFiles/STM32C5_LSM6DSK320X_Project6.dir/main.c.obj
                0x08003890                _write
 .text.HAL_EXTI_TriggerCallback
                0x080038c0       0x30 CMakeFiles/STM32C5_LSM6DSK320X_Project6.dir/main.c.obj
                0x080038c0                HAL_EXTI_TriggerCallback
 .text.main     0x080038f0      0x1dc CMakeFiles/STM32C5_LSM6DSK320X_Project6.dir/main.c.obj
                0x080038f0                main
 .text.platform_write
                0x08003acc       0x4a CMakeFiles/STM32C5_LSM6DSK320X_Project6.dir/main.c.obj
 .text.platform_read
                0x08003b16       0x4a CMakeFiles/STM32C5_LSM6DSK320X_Project6.dir/main.c.obj
 .text.platform_delay
                0x08003b60       0x16 CMakeFiles/STM32C5_LSM6DSK320X_Project6.dir/main.c.obj
 .text.lsm6dsk320x_read_reg
                0x08003b76       0x40 CMakeFiles/STM32C5_LSM6DSK320X_Project6.dir/lsm6dsk320x_reg.c.obj
                0x08003b76                lsm6dsk320x_read_reg
 .text.lsm6dsk320x_write_reg
                0x08003bb6       0x40 CMakeFiles/STM32C5_LSM6DSK320X_Project6.dir/lsm6dsk320x_reg.c.obj
                0x08003bb6                lsm6dsk320x_write_reg
 .text.bytecpy  0x08003bf6       0x2a CMakeFiles/STM32C5_LSM6DSK320X_Project6.dir/lsm6dsk320x_reg.c.obj
 .text.lsm6dsk320x_sw_por
                0x08003c20       0x54 CMakeFiles/STM32C5_LSM6DSK320X_Project6.dir/lsm6dsk320x_reg.c.obj
                0x08003c20                lsm6dsk320x_sw_por
 .text.lsm6dsk320x_mem_bank_set
                0x08003c74       0x6a CMakeFiles/STM32C5_LSM6DSK320X_Project6.dir/lsm6dsk320x_reg.c.obj
                0x08003c74                lsm6dsk320x_mem_bank_set
 .text.lsm6dsk320x_device_id_get
                0x08003cde       0x26 CMakeFiles/STM32C5_LSM6DSK320X_Project6.dir/lsm6dsk320x_reg.c.obj
                0x08003cde                lsm6dsk320x_device_id_get
 .text.lsm6dsk320x_xl_setup
                0x08003d04      0x260 CMakeFiles/STM32C5_LSM6DSK320X_Project6.dir/lsm6dsk320x_reg.c.obj
                0x08003d04                lsm6dsk320x_xl_setup
 .text.lsm6dsk320x_haodr_set
                0x08003f64      0x2f6 CMakeFiles/STM32C5_LSM6DSK320X_Project6.dir/lsm6dsk320x_reg.c.obj
                0x08003f64                lsm6dsk320x_haodr_set
 *fill*         0x0800425a        0x2 
 .text.lsm6dsk320x_xl_data_rate_get
                0x0800425c      0x394 CMakeFiles/STM32C5_LSM6DSK320X_Project6.dir/lsm6dsk320x_reg.c.obj
                0x0800425c                lsm6dsk320x_xl_data_rate_get
 .text.lsm6dsk320x_xl_mode_get
                0x080045f0       0xac CMakeFiles/STM32C5_LSM6DSK320X_Project6.dir/lsm6dsk320x_reg.c.obj
                0x080045f0                lsm6dsk320x_xl_mode_get
 .text.lsm6dsk320x_block_data_update_set
                0x0800469c       0x54 CMakeFiles/STM32C5_LSM6DSK320X_Project6.dir/lsm6dsk320x_reg.c.obj
                0x0800469c                lsm6dsk320x_block_data_update_set
 .text.lsm6dsk320x_xl_full_scale_set
                0x080046f0       0x54 CMakeFiles/STM32C5_LSM6DSK320X_Project6.dir/lsm6dsk320x_reg.c.obj
                0x080046f0                lsm6dsk320x_xl_full_scale_set
 .text.lsm6dsk320x_pin_int1_route_embedded_set
                0x08004744      0x2a0 CMakeFiles/STM32C5_LSM6DSK320X_Project6.dir/lsm6dsk320x_reg.c.obj
                0x08004744                lsm6dsk320x_pin_int1_route_embedded_set
 .text.lsm6dsk320x_tilt_mode_set
                0x080049e4       0x78 CMakeFiles/STM32C5_LSM6DSK320X_Project6.dir/lsm6dsk320x_reg.c.obj
                0x080049e4                lsm6dsk320x_tilt_mode_set
 .text.mx_cortex_mpu_init
                0x08004a5c       0x5c CMakeFiles/STM32C5_LSM6DSK320X_Project6.dir/generated/hal/mx_cortex_mpu.c.obj
                0x08004a5c                mx_cortex_mpu_init
 .text.mx_cortex_nvic_init
                0x08004ab8       0x12 CMakeFiles/STM32C5_LSM6DSK320X_Project6.dir/generated/hal/mx_cortex_nvic.c.obj
                0x08004ab8                mx_cortex_nvic_init
 *fill*         0x08004aca        0x2 
 .text.LL_AHB2_GRP1_EnableClock
                0x08004acc       0x60 CMakeFiles/STM32C5_LSM6DSK320X_Project6.dir/generated/hal/mx_gpio_default.c.obj
 .text.HAL_RCC_GPIOA_EnableClock
                0x08004b2c        0xe CMakeFiles/STM32C5_LSM6DSK320X_Project6.dir/generated/hal/mx_gpio_default.c.obj
 .text.HAL_RCC_GPIOB_EnableClock
                0x08004b3a        0xe CMakeFiles/STM32C5_LSM6DSK320X_Project6.dir/generated/hal/mx_gpio_default.c.obj
 .text.mx_gpio_default_init
                0x08004b48       0xe0 CMakeFiles/STM32C5_LSM6DSK320X_Project6.dir/generated/hal/mx_gpio_default.c.obj
                0x08004b48                mx_gpio_default_init
 .text.EXTI0_IRQHandler
                0x08004c28       0x14 CMakeFiles/STM32C5_LSM6DSK320X_Project6.dir/generated/hal/mx_gpio_default.c.obj
                0x08004c28                EXTI0_IRQHandler
 .text.LL_AHB2_GRP1_EnableClock
                0x08004c3c       0x60 CMakeFiles/STM32C5_LSM6DSK320X_Project6.dir/generated/hal/mx_i2c1.c.obj
 .text.LL_APB1_GRP1_EnableClock
                0x08004c9c       0x60 CMakeFiles/STM32C5_LSM6DSK320X_Project6.dir/generated/hal/mx_i2c1.c.obj
 .text.HAL_RCC_GPIOB_EnableClock
                0x08004cfc        0xe CMakeFiles/STM32C5_LSM6DSK320X_Project6.dir/generated/hal/mx_i2c1.c.obj
 .text.HAL_RCC_I2C1_EnableClock
                0x08004d0a       0x10 CMakeFiles/STM32C5_LSM6DSK320X_Project6.dir/generated/hal/mx_i2c1.c.obj
 *fill*         0x08004d1a        0x2 
 .text.mx_i2c1_i2c_init
                0x08004d1c       0x9c CMakeFiles/STM32C5_LSM6DSK320X_Project6.dir/generated/hal/mx_i2c1.c.obj
                0x08004d1c                mx_i2c1_i2c_init
 .text.mx_i2c1_i2c_gethandle
                0x08004db8       0x14 CMakeFiles/STM32C5_LSM6DSK320X_Project6.dir/generated/hal/mx_i2c1.c.obj
                0x08004db8                mx_i2c1_i2c_gethandle
 .text.mx_icache_init
                0x08004dcc       0x28 CMakeFiles/STM32C5_LSM6DSK320X_Project6.dir/generated/hal/mx_icache.c.obj
                0x08004dcc                mx_icache_init
 .text.mx_icache_gethandle
                0x08004df4       0x14 CMakeFiles/STM32C5_LSM6DSK320X_Project6.dir/generated/hal/mx_icache.c.obj
                0x08004df4                mx_icache_gethandle
 .text.mx_rcc_init
                0x08004e08       0xc0 CMakeFiles/STM32C5_LSM6DSK320X_Project6.dir/generated/hal/mx_rcc.c.obj
                0x08004e08                mx_rcc_init
 .text.mx_rcc_peripherals_clock_config
                0x08004ec8       0x12 CMakeFiles/STM32C5_LSM6DSK320X_Project6.dir/generated/hal/mx_rcc.c.obj
                0x08004ec8                mx_rcc_peripherals_clock_config
 .text.mx_system_init
                0x08004eda       0xe8 CMakeFiles/STM32C5_LSM6DSK320X_Project6.dir/generated/hal/mx_system.c.obj
                0x08004eda                mx_system_init
 .text.SysTick_Handler
                0x08004fc2       0x10 CMakeFiles/STM32C5_LSM6DSK320X_Project6.dir/generated/hal/mx_system.c.obj
                0x08004fc2                SysTick_Handler
 .text.pre_system_init_hook
                0x08004fd2       0x12 CMakeFiles/STM32C5_LSM6DSK320X_Project6.dir/generated/hal/mx_system.c.obj
                0x08004fd2                pre_system_init_hook
 .text.post_system_init_hook
                0x08004fe4       0x12 CMakeFiles/STM32C5_LSM6DSK320X_Project6.dir/generated/hal/mx_system.c.obj
                0x08004fe4                post_system_init_hook
 *fill*         0x08004ff6        0x2 
 .text.LL_AHB2_GRP1_EnableClock
                0x08004ff8       0x60 CMakeFiles/STM32C5_LSM6DSK320X_Project6.dir/generated/hal/mx_usart1.c.obj
 .text.LL_APB2_GRP1_EnableClock
                0x08005058       0x60 CMakeFiles/STM32C5_LSM6DSK320X_Project6.dir/generated/hal/mx_usart1.c.obj
 .text.HAL_RCC_GPIOA_EnableClock
                0x080050b8        0xe CMakeFiles/STM32C5_LSM6DSK320X_Project6.dir/generated/hal/mx_usart1.c.obj
 .text.HAL_RCC_USART1_EnableClock
                0x080050c6       0x10 CMakeFiles/STM32C5_LSM6DSK320X_Project6.dir/generated/hal/mx_usart1.c.obj
 *fill*         0x080050d6        0x2 
 .text.mx_usart1_uart_init
                0x080050d8       0xac CMakeFiles/STM32C5_LSM6DSK320X_Project6.dir/generated/hal/mx_usart1.c.obj
                0x080050d8                mx_usart1_uart_init
 .text.mx_usart1_uart_gethandle
                0x08005184       0x14 CMakeFiles/STM32C5_LSM6DSK320X_Project6.dir/generated/hal/mx_usart1.c.obj
                0x08005184                mx_usart1_uart_gethandle
 .text.SCB_SetVTOR
                0x08005198       0x20 CMakeFiles/STM32C5_LSM6DSK320X_Project6.dir/user_modifiable/Device/STM32C542CCT6/system_stm32c5xx.c.obj
 .text.SCB_EnableFPU
                0x080051b8       0x24 CMakeFiles/STM32C5_LSM6DSK320X_Project6.dir/user_modifiable/Device/STM32C542CCT6/system_stm32c5xx.c.obj
 .text.SystemInit
                0x080051dc       0x18 CMakeFiles/STM32C5_LSM6DSK320X_Project6.dir/user_modifiable/Device/STM32C542CCT6/system_stm32c5xx.c.obj
                0x080051dc                SystemInit
 .text.Reset_Handler
                0x080051f4       0xc4 CMakeFiles/STM32C5_LSM6DSK320X_Project6.dir/user_modifiable/Device/STM32C542CCT6/startup_stm32c542xx.c.obj
                0x080051f4                Reset_Handler
 .text.HardFault_Handler
                0x080052b8        0x8 CMakeFiles/STM32C5_LSM6DSK320X_Project6.dir/user_modifiable/Device/STM32C542CCT6/startup_stm32c542xx.c.obj
                0x080052b8                HardFault_Handler
 .text.Default_IRQHandler
                0x080052c0        0x8 CMakeFiles/STM32C5_LSM6DSK320X_Project6.dir/user_modifiable/Device/STM32C542CCT6/startup_stm32c542xx.c.obj
                0x080052c0                EXTI2_IRQHandler
                0x080052c0                TIM8_CC_IRQHandler
                0x080052c0                EXTI5_IRQHandler
                0x080052c0                DebugMon_Handler
                0x080052c0                TIM8_TRGI_COM_DIR_IDX_IRQHandler
                0x080052c0                EXTI13_IRQHandler
                0x080052c0                LPDMA2_CH1_IRQHandler
                0x080052c0                I2C1_ERR_IRQHandler
                0x080052c0                TIM1_CC_IRQHandler
                0x080052c0                TAMP_IRQHandler
                0x080052c0                TIM6_IRQHandler
                0x080052c0                EXTI12_IRQHandler
                0x080052c0                CORDIC_IRQHandler
                0x080052c0                PendSV_Handler
                0x080052c0                USB_DRD_FS_IRQHandler
                0x080052c0                NMI_Handler
                0x080052c0                EXTI3_IRQHandler
                0x080052c0                EXTI8_IRQHandler
                0x080052c0                PWR_PVD_IRQHandler
                0x080052c0                FPU_IRQHandler
                0x080052c0                FDCAN1_IT1_IRQHandler
                0x080052c0                RAMCFG_IRQHandler
                0x080052c0                UsageFault_Handler
                0x080052c0                TIM1_UPD_IRQHandler
                0x080052c0                SPI1_IRQHandler
                0x080052c0                ADC1_IRQHandler
                0x080052c0                EXTI15_IRQHandler
                0x080052c0                RTC_IRQHandler
                0x080052c0                EXTI9_IRQHandler
                0x080052c0                UART5_IRQHandler
                0x080052c0                LPDMA2_CH3_IRQHandler
                0x080052c0                LPDMA1_CH1_IRQHandler
                0x080052c0                I2C1_EV_IRQHandler
                0x080052c0                UART4_IRQHandler
                0x080052c0                RCC_IRQHandler
                0x080052c0                COMP2_IRQHandler
                0x080052c0                LPDMA2_CH2_IRQHandler
                0x080052c0                TIM12_IRQHandler
                0x080052c0                TIM7_IRQHandler
                0x080052c0                I3C1_EV_IRQHandler
                0x080052c0                TIM15_IRQHandler
                0x080052c0                TIM8_BRK_TERR_IERR_IRQHandler
                0x080052c0                TIM8_UPD_IRQHandler
                0x080052c0                SPI2_IRQHandler
                0x080052c0                MemManage_Handler
                0x080052c0                LPDMA1_CH3_IRQHandler
                0x080052c0                EXTI14_IRQHandler
                0x080052c0                EXTI11_IRQHandler
                0x080052c0                SVC_Handler
                0x080052c0                CRS_IRQHandler
                0x080052c0                EXTI4_IRQHandler
                0x080052c0                TIM1_BRK_TERR_IERR_IRQHandler
                0x080052c0                RNG_IRQHandler
                0x080052c0                FDCAN2_IT1_IRQHandler
                0x080052c0                TIM1_TRGI_COM_DIR_IDX_IRQHandler
                0x080052c0                LPDMA2_CH0_IRQHandler
                0x080052c0                I3C1_ERR_IRQHandler
                0x080052c0                WWDG_IRQHandler
                0x080052c0                Default_IRQHandler
                0x080052c0                FDCAN2_IT0_IRQHandler
                0x080052c0                IWDG_IRQHandler
                0x080052c0                LPUART1_IRQHandler
                0x080052c0                FDCAN1_IT0_IRQHandler
                0x080052c0                TIM2_IRQHandler
                0x080052c0                LPDMA1_CH2_IRQHandler
                0x080052c0                EXTI7_IRQHandler
                0x080052c0                EXTI1_IRQHandler
                0x080052c0                AES_IRQHandler
                0x080052c0                DAC1_IRQHandler
                0x080052c0                USART2_IRQHandler
                0x080052c0                FLASH_IRQHandler
                0x080052c0                BusFault_Handler
                0x080052c0                USART1_IRQHandler
                0x080052c0                EXTI10_IRQHandler
                0x080052c0                LPDMA1_CH0_IRQHandler
                0x080052c0                EXTI6_IRQHandler
                0x080052c0                COMP1_IRQHandler
                0x080052c0                LPTIM1_IRQHandler
                0x080052c0                ICACHE_IRQHandler
                0x080052c0                HASH_IRQHandler
 .text.Default_IRQHandler_Hook
                0x080052c8        0x8 CMakeFiles/STM32C5_LSM6DSK320X_Project6.dir/user_modifiable/Device/STM32C542CCT6/startup_stm32c542xx.c.obj
                0x080052c8                Default_IRQHandler_Hook
 .text.LL_RCC_GetAHBPrescaler
                0x080052d0       0x1c CMakeFiles/STM32C5_LSM6DSK320X_Project6.dir/stm32c5xx_drivers/hal/stm32c5xx_hal.c.obj
 .text.LL_FLASH_EnablePrefetch
                0x080052ec       0x20 CMakeFiles/STM32C5_LSM6DSK320X_Project6.dir/stm32c5xx_drivers/hal/stm32c5xx_hal.c.obj
 .text.HAL_Init
                0x0800530c       0x44 CMakeFiles/STM32C5_LSM6DSK320X_Project6.dir/stm32c5xx_drivers/hal/stm32c5xx_hal.c.obj
                0x0800530c                HAL_Init
 .text.HAL_InitTick
                0x08005350       0x68 CMakeFiles/STM32C5_LSM6DSK320X_Project6.dir/stm32c5xx_drivers/hal/stm32c5xx_hal.c.obj
                0x08005350                HAL_InitTick
 .text.HAL_UpdateCoreClock
                0x080053b8       0x30 CMakeFiles/STM32C5_LSM6DSK320X_Project6.dir/stm32c5xx_drivers/hal/stm32c5xx_hal.c.obj
                0x080053b8                HAL_UpdateCoreClock
 .text.HAL_IncTick
                0x080053e8       0x28 CMakeFiles/STM32C5_LSM6DSK320X_Project6.dir/stm32c5xx_drivers/hal/stm32c5xx_hal.c.obj
                0x080053e8                HAL_IncTick
 .text.HAL_GetTick
                0x08005410       0x18 CMakeFiles/STM32C5_LSM6DSK320X_Project6.dir/stm32c5xx_drivers/hal/stm32c5xx_hal.c.obj
                0x08005410                HAL_GetTick
 .text.HAL_Delay
                0x08005428       0x4c CMakeFiles/STM32C5_LSM6DSK320X_Project6.dir/stm32c5xx_drivers/hal/stm32c5xx_hal.c.obj
                0x08005428                HAL_Delay
 .text.__NVIC_SetPriorityGrouping
                0x08005474       0x48 CMakeFiles/STM32C5_LSM6DSK320X_Project6.dir/stm32c5xx_drivers/hal/stm32c5xx_hal_cortex.c.obj
 .text.__NVIC_GetPriorityGrouping
                0x080054bc       0x1c CMakeFiles/STM32C5_LSM6DSK320X_Project6.dir/stm32c5xx_drivers/hal/stm32c5xx_hal_cortex.c.obj
 .text.__NVIC_EnableIRQ
                0x080054d8       0x3c CMakeFiles/STM32C5_LSM6DSK320X_Project6.dir/stm32c5xx_drivers/hal/stm32c5xx_hal_cortex.c.obj
 .text.__NVIC_SetPriority
                0x08005514       0x54 CMakeFiles/STM32C5_LSM6DSK320X_Project6.dir/stm32c5xx_drivers/hal/stm32c5xx_hal_cortex.c.obj
 .text.NVIC_EncodePriority
                0x08005568       0x66 CMakeFiles/STM32C5_LSM6DSK320X_Project6.dir/stm32c5xx_drivers/hal/stm32c5xx_hal_cortex.c.obj
 *fill*         0x080055ce        0x2 
 .text.ARM_MPU_Enable
                0x080055d0       0x44 CMakeFiles/STM32C5_LSM6DSK320X_Project6.dir/stm32c5xx_drivers/hal/stm32c5xx_hal_cortex.c.obj
 .text.ARM_MPU_Disable
                0x08005614       0x40 CMakeFiles/STM32C5_LSM6DSK320X_Project6.dir/stm32c5xx_drivers/hal/stm32c5xx_hal_cortex.c.obj
 .text.ARM_MPU_SetMemAttrEx
                0x08005654       0x6a CMakeFiles/STM32C5_LSM6DSK320X_Project6.dir/stm32c5xx_drivers/hal/stm32c5xx_hal_cortex.c.obj
 *fill*         0x080056be        0x2 
 .text.ARM_MPU_SetMemAttr
                0x080056c0       0x28 CMakeFiles/STM32C5_LSM6DSK320X_Project6.dir/stm32c5xx_drivers/hal/stm32c5xx_hal_cortex.c.obj
 .text.ARM_MPU_SetRegionEx
                0x080056e8       0x2c CMakeFiles/STM32C5_LSM6DSK320X_Project6.dir/stm32c5xx_drivers/hal/stm32c5xx_hal_cortex.c.obj
 .text.ARM_MPU_SetRegion
                0x08005714       0x24 CMakeFiles/STM32C5_LSM6DSK320X_Project6.dir/stm32c5xx_drivers/hal/stm32c5xx_hal_cortex.c.obj
 .text.SysTick_SetClkSource
                0x08005738       0x38 CMakeFiles/STM32C5_LSM6DSK320X_Project6.dir/stm32c5xx_drivers/hal/stm32c5xx_hal_cortex.c.obj
 .text.SysTick_GetClkSource
                0x08005770       0x1c CMakeFiles/STM32C5_LSM6DSK320X_Project6.dir/stm32c5xx_drivers/hal/stm32c5xx_hal_cortex.c.obj
 .text.SysTick_EnableIT
                0x0800578c       0x20 CMakeFiles/STM32C5_LSM6DSK320X_Project6.dir/stm32c5xx_drivers/hal/stm32c5xx_hal_cortex.c.obj
 .text.SysTick_Enable
                0x080057ac       0x20 CMakeFiles/STM32C5_LSM6DSK320X_Project6.dir/stm32c5xx_drivers/hal/stm32c5xx_hal_cortex.c.obj
 .text.SysTick_SetReload
                0x080057cc       0x30 CMakeFiles/STM32C5_LSM6DSK320X_Project6.dir/stm32c5xx_drivers/hal/stm32c5xx_hal_cortex.c.obj
 .text.SysTick_SetCounter
                0x080057fc       0x20 CMakeFiles/STM32C5_LSM6DSK320X_Project6.dir/stm32c5xx_drivers/hal/stm32c5xx_hal_cortex.c.obj
 .text.HAL_CORTEX_NVIC_SetPriorityGrouping
                0x0800581c       0x1a CMakeFiles/STM32C5_LSM6DSK320X_Project6.dir/stm32c5xx_drivers/hal/stm32c5xx_hal_cortex.c.obj
                0x0800581c                HAL_CORTEX_NVIC_SetPriorityGrouping
 .text.HAL_CORTEX_NVIC_SetPriority
                0x08005836       0x36 CMakeFiles/STM32C5_LSM6DSK320X_Project6.dir/stm32c5xx_drivers/hal/stm32c5xx_hal_cortex.c.obj
                0x08005836                HAL_CORTEX_NVIC_SetPriority
 .text.HAL_CORTEX_NVIC_EnableIRQ
                0x0800586c       0x1c CMakeFiles/STM32C5_LSM6DSK320X_Project6.dir/stm32c5xx_drivers/hal/stm32c5xx_hal_cortex.c.obj
                0x0800586c                HAL_CORTEX_NVIC_EnableIRQ
 .text.HAL_CORTEX_SYSTICK_SetFreq
                0x08005888       0x5a CMakeFiles/STM32C5_LSM6DSK320X_Project6.dir/stm32c5xx_drivers/hal/stm32c5xx_hal_cortex.c.obj
                0x08005888                HAL_CORTEX_SYSTICK_SetFreq
 .text.HAL_CORTEX_SYSTICK_SetClkSource
                0x080058e2       0x1a CMakeFiles/STM32C5_LSM6DSK320X_Project6.dir/stm32c5xx_drivers/hal/stm32c5xx_hal_cortex.c.obj
                0x080058e2                HAL_CORTEX_SYSTICK_SetClkSource
 .text.HAL_CORTEX_SYSTICK_IRQHandler
                0x080058fc        0xc CMakeFiles/STM32C5_LSM6DSK320X_Project6.dir/stm32c5xx_drivers/hal/stm32c5xx_hal_cortex.c.obj
                0x080058fc                HAL_CORTEX_SYSTICK_IRQHandler
 .text.HAL_CORTEX_SYSTICK_Callback
                0x08005908        0xe CMakeFiles/STM32C5_LSM6DSK320X_Project6.dir/stm32c5xx_drivers/hal/stm32c5xx_hal_cortex.c.obj
                0x08005908                HAL_CORTEX_SYSTICK_Callback
 .text.HAL_CORTEX_MPU_Enable
                0x08005916       0x26 CMakeFiles/STM32C5_LSM6DSK320X_Project6.dir/stm32c5xx_drivers/hal/stm32c5xx_hal_cortex.c.obj
                0x08005916                HAL_CORTEX_MPU_Enable
 .text.HAL_CORTEX_MPU_Disable
                0x0800593c        0xc CMakeFiles/STM32C5_LSM6DSK320X_Project6.dir/stm32c5xx_drivers/hal/stm32c5xx_hal_cortex.c.obj
                0x0800593c                HAL_CORTEX_MPU_Disable
 .text.HAL_CORTEX_MPU_SetCacheMemAttr
                0x08005948       0x2a CMakeFiles/STM32C5_LSM6DSK320X_Project6.dir/stm32c5xx_drivers/hal/stm32c5xx_hal_cortex.c.obj
                0x08005948                HAL_CORTEX_MPU_SetCacheMemAttr
 .text.HAL_CORTEX_MPU_SetConfigRegion
                0x08005972       0x48 CMakeFiles/STM32C5_LSM6DSK320X_Project6.dir/stm32c5xx_drivers/hal/stm32c5xx_hal_cortex.c.obj
                0x08005972                HAL_CORTEX_MPU_SetConfigRegion
 *fill*         0x080059ba        0x2 
 .text.HAL_CORTEX_MPU_EnableRegion
                0x080059bc       0x2c CMakeFiles/STM32C5_LSM6DSK320X_Project6.dir/stm32c5xx_drivers/hal/stm32c5xx_hal_cortex.c.obj
                0x080059bc                HAL_CORTEX_MPU_EnableRegion
 .text.LL_EXTI_EnableIT_0_31
                0x080059e8       0x48 CMakeFiles/STM32C5_LSM6DSK320X_Project6.dir/stm32c5xx_drivers/hal/stm32c5xx_hal_exti.c.obj
 .text.LL_EXTI_EnableIT_32_63
                0x08005a30       0x48 CMakeFiles/STM32C5_LSM6DSK320X_Project6.dir/stm32c5xx_drivers/hal/stm32c5xx_hal_exti.c.obj
 .text.LL_EXTI_DisableIT_0_31
                0x08005a78       0x48 CMakeFiles/STM32C5_LSM6DSK320X_Project6.dir/stm32c5xx_drivers/hal/stm32c5xx_hal_exti.c.obj
 .text.LL_EXTI_DisableIT_32_63
                0x08005ac0       0x48 CMakeFiles/STM32C5_LSM6DSK320X_Project6.dir/stm32c5xx_drivers/hal/stm32c5xx_hal_exti.c.obj
 .text.LL_EXTI_EnableEvent_0_31
                0x08005b08       0x48 CMakeFiles/STM32C5_LSM6DSK320X_Project6.dir/stm32c5xx_drivers/hal/stm32c5xx_hal_exti.c.obj
 .text.LL_EXTI_EnableEvent_32_63
                0x08005b50       0x48 CMakeFiles/STM32C5_LSM6DSK320X_Project6.dir/stm32c5xx_drivers/hal/stm32c5xx_hal_exti.c.obj
 .text.LL_EXTI_EnableRisingTrig_0_31
                0x08005b98       0x48 CMakeFiles/STM32C5_LSM6DSK320X_Project6.dir/stm32c5xx_drivers/hal/stm32c5xx_hal_exti.c.obj
 .text.LL_EXTI_EnableRisingTrig_32_63
                0x08005be0       0x48 CMakeFiles/STM32C5_LSM6DSK320X_Project6.dir/stm32c5xx_drivers/hal/stm32c5xx_hal_exti.c.obj
 .text.LL_EXTI_DisableRisingTrig_0_31
                0x08005c28       0x48 CMakeFiles/STM32C5_LSM6DSK320X_Project6.dir/stm32c5xx_drivers/hal/stm32c5xx_hal_exti.c.obj
 .text.LL_EXTI_DisableRisingTrig_32_63
                0x08005c70       0x48 CMakeFiles/STM32C5_LSM6DSK320X_Project6.dir/stm32c5xx_drivers/hal/stm32c5xx_hal_exti.c.obj
 .text.LL_EXTI_EnableFallingTrig_0_31
                0x08005cb8       0x48 CMakeFiles/STM32C5_LSM6DSK320X_Project6.dir/stm32c5xx_drivers/hal/stm32c5xx_hal_exti.c.obj
 .text.LL_EXTI_EnableFallingTrig_32_63
                0x08005d00       0x48 CMakeFiles/STM32C5_LSM6DSK320X_Project6.dir/stm32c5xx_drivers/hal/stm32c5xx_hal_exti.c.obj
 .text.LL_EXTI_DisableFallingTrig_0_31
                0x08005d48       0x48 CMakeFiles/STM32C5_LSM6DSK320X_Project6.dir/stm32c5xx_drivers/hal/stm32c5xx_hal_exti.c.obj
 .text.LL_EXTI_DisableFallingTrig_32_63
                0x08005d90       0x48 CMakeFiles/STM32C5_LSM6DSK320X_Project6.dir/stm32c5xx_drivers/hal/stm32c5xx_hal_exti.c.obj
 .text.LL_EXTI_IsActiveRisingFlag_0_31
                0x08005dd8       0x2c CMakeFiles/STM32C5_LSM6DSK320X_Project6.dir/stm32c5xx_drivers/hal/stm32c5xx_hal_exti.c.obj
 .text.LL_EXTI_IsActiveRisingFlag_32_63
                0x08005e04       0x2c CMakeFiles/STM32C5_LSM6DSK320X_Project6.dir/stm32c5xx_drivers/hal/stm32c5xx_hal_exti.c.obj
 .text.LL_EXTI_ClearRisingFlag_0_31
                0x08005e30       0x20 CMakeFiles/STM32C5_LSM6DSK320X_Project6.dir/stm32c5xx_drivers/hal/stm32c5xx_hal_exti.c.obj
 .text.LL_EXTI_ClearRisingFlag_32_63
                0x08005e50       0x20 CMakeFiles/STM32C5_LSM6DSK320X_Project6.dir/stm32c5xx_drivers/hal/stm32c5xx_hal_exti.c.obj
 .text.LL_EXTI_IsActiveFallingFlag_0_31
                0x08005e70       0x2c CMakeFiles/STM32C5_LSM6DSK320X_Project6.dir/stm32c5xx_drivers/hal/stm32c5xx_hal_exti.c.obj
 .text.LL_EXTI_IsActiveFallingFlag_32_63
                0x08005e9c       0x2c CMakeFiles/STM32C5_LSM6DSK320X_Project6.dir/stm32c5xx_drivers/hal/stm32c5xx_hal_exti.c.obj
 .text.LL_EXTI_ClearFallingFlag_0_31
                0x08005ec8       0x20 CMakeFiles/STM32C5_LSM6DSK320X_Project6.dir/stm32c5xx_drivers/hal/stm32c5xx_hal_exti.c.obj
 .text.LL_EXTI_ClearFallingFlag_32_63
                0x08005ee8       0x20 CMakeFiles/STM32C5_LSM6DSK320X_Project6.dir/stm32c5xx_drivers/hal/stm32c5xx_hal_exti.c.obj
 .text.LL_EXTI_SetEXTISource
                0x08005f08       0x60 CMakeFiles/STM32C5_LSM6DSK320X_Project6.dir/stm32c5xx_drivers/hal/stm32c5xx_hal_exti.c.obj
 .text.HAL_EXTI_Init
                0x08005f68       0x60 CMakeFiles/STM32C5_LSM6DSK320X_Project6.dir/stm32c5xx_drivers/hal/stm32c5xx_hal_exti.c.obj
                0x08005f68                HAL_EXTI_Init
 .text.HAL_EXTI_SetConfig
                0x08005fc8       0xf8 CMakeFiles/STM32C5_LSM6DSK320X_Project6.dir/stm32c5xx_drivers/hal/stm32c5xx_hal_exti.c.obj
                0x08005fc8                HAL_EXTI_SetConfig
 .text.HAL_EXTI_Enable
                0x080060c0       0x80 CMakeFiles/STM32C5_LSM6DSK320X_Project6.dir/stm32c5xx_drivers/hal/stm32c5xx_hal_exti.c.obj
                0x080060c0                HAL_EXTI_Enable
 .text.HAL_EXTI_IRQHandler
                0x08006140       0xf4 CMakeFiles/STM32C5_LSM6DSK320X_Project6.dir/stm32c5xx_drivers/hal/stm32c5xx_hal_exti.c.obj
                0x08006140                HAL_EXTI_IRQHandler
 .text.HAL_EXTI_GetInstance
                0x08006234       0x18 CMakeFiles/STM32C5_LSM6DSK320X_Project6.dir/stm32c5xx_drivers/hal/stm32c5xx_hal_exti.c.obj
                0x08006234                HAL_EXTI_GetInstance
 .text.LL_FLASH_SetLatency
                0x0800624c       0x26 CMakeFiles/STM32C5_LSM6DSK320X_Project6.dir/stm32c5xx_drivers/hal/stm32c5xx_hal_flash_itf.c.obj
 .text.LL_FLASH_SetProgrammingDelay
                0x08006272       0x26 CMakeFiles/STM32C5_LSM6DSK320X_Project6.dir/stm32c5xx_drivers/hal/stm32c5xx_hal_flash_itf.c.obj
 .text.HAL_FLASH_ITF_SetLatency
                0x08006298       0x24 CMakeFiles/STM32C5_LSM6DSK320X_Project6.dir/stm32c5xx_drivers/hal/stm32c5xx_hal_flash_itf.c.obj
                0x08006298                HAL_FLASH_ITF_SetLatency
 .text.HAL_FLASH_ITF_SetProgrammingDelay
                0x080062bc       0x24 CMakeFiles/STM32C5_LSM6DSK320X_Project6.dir/stm32c5xx_drivers/hal/stm32c5xx_hal_flash_itf.c.obj
                0x080062bc                HAL_FLASH_ITF_SetProgrammingDelay
 .text.LL_GPIO_SetPinMode
                0x080062e0       0x9c CMakeFiles/STM32C5_LSM6DSK320X_Project6.dir/stm32c5xx_drivers/hal/stm32c5xx_hal_gpio.c.obj
 .text.LL_GPIO_SetPinOutputType
                0x0800637c       0x56 CMakeFiles/STM32C5_LSM6DSK320X_Project6.dir/stm32c5xx_drivers/hal/stm32c5xx_hal_gpio.c.obj
 .text.LL_GPIO_SetPinSpeed
                0x080063d2       0xa0 CMakeFiles/STM32C5_LSM6DSK320X_Project6.dir/stm32c5xx_drivers/hal/stm32c5xx_hal_gpio.c.obj
 .text.LL_GPIO_SetPinPull
                0x08006472       0xa0 CMakeFiles/STM32C5_LSM6DSK320X_Project6.dir/stm32c5xx_drivers/hal/stm32c5xx_hal_gpio.c.obj
 .text.LL_GPIO_SetAFPin_0_7
                0x08006512       0xa0 CMakeFiles/STM32C5_LSM6DSK320X_Project6.dir/stm32c5xx_drivers/hal/stm32c5xx_hal_gpio.c.obj
 .text.LL_GPIO_SetAFPin_8_15
                0x080065b2       0xa4 CMakeFiles/STM32C5_LSM6DSK320X_Project6.dir/stm32c5xx_drivers/hal/stm32c5xx_hal_gpio.c.obj
 .text.LL_GPIO_WriteOutputPin
                0x08006656       0x2a CMakeFiles/STM32C5_LSM6DSK320X_Project6.dir/stm32c5xx_drivers/hal/stm32c5xx_hal_gpio.c.obj
 .text.HAL_GPIO_Init
                0x08006680      0x128 CMakeFiles/STM32C5_LSM6DSK320X_Project6.dir/stm32c5xx_drivers/hal/stm32c5xx_hal_gpio.c.obj
                0x08006680                HAL_GPIO_Init
 .text.HAL_GPIO_WritePin
                0x080067a8       0x22 CMakeFiles/STM32C5_LSM6DSK320X_Project6.dir/stm32c5xx_drivers/hal/stm32c5xx_hal_gpio.c.obj
                0x080067a8                HAL_GPIO_WritePin
 .text.LL_I2C_Enable
                0x080067ca       0x20 CMakeFiles/STM32C5_LSM6DSK320X_Project6.dir/stm32c5xx_drivers/hal/stm32c5xx_hal_i2c.c.obj
 .text.LL_I2C_Disable
                0x080067ea       0x20 CMakeFiles/STM32C5_LSM6DSK320X_Project6.dir/stm32c5xx_drivers/hal/stm32c5xx_hal_i2c.c.obj
 .text.LL_I2C_EnableAnalogFilter
                0x0800680a       0x20 CMakeFiles/STM32C5_LSM6DSK320X_Project6.dir/stm32c5xx_drivers/hal/stm32c5xx_hal_i2c.c.obj
 .text.LL_I2C_SetMasterAddressingMode
                0x0800682a       0x26 CMakeFiles/STM32C5_LSM6DSK320X_Project6.dir/stm32c5xx_drivers/hal/stm32c5xx_hal_i2c.c.obj
 .text.LL_I2C_DisableOwnAddress1AndMode
                0x08006850       0x20 CMakeFiles/STM32C5_LSM6DSK320X_Project6.dir/stm32c5xx_drivers/hal/stm32c5xx_hal_i2c.c.obj
 .text.LL_I2C_ConfigOwnAddress1
                0x08006870       0x26 CMakeFiles/STM32C5_LSM6DSK320X_Project6.dir/stm32c5xx_drivers/hal/stm32c5xx_hal_i2c.c.obj
 .text.LL_I2C_SetTiming
                0x08006896       0x20 CMakeFiles/STM32C5_LSM6DSK320X_Project6.dir/stm32c5xx_drivers/hal/stm32c5xx_hal_i2c.c.obj
 .text.LL_I2C_IsActiveFlag
                0x080068b6       0x2a CMakeFiles/STM32C5_LSM6DSK320X_Project6.dir/stm32c5xx_drivers/hal/stm32c5xx_hal_i2c.c.obj
 .text.LL_I2C_IsActiveFlag_TXE
                0x080068e0       0x26 CMakeFiles/STM32C5_LSM6DSK320X_Project6.dir/stm32c5xx_drivers/hal/stm32c5xx_hal_i2c.c.obj
 .text.LL_I2C_IsActiveFlag_TXIS
                0x08006906       0x26 CMakeFiles/STM32C5_LSM6DSK320X_Project6.dir/stm32c5xx_drivers/hal/stm32c5xx_hal_i2c.c.obj
 .text.LL_I2C_IsActiveFlag_STOP
                0x0800692c       0x26 CMakeFiles/STM32C5_LSM6DSK320X_Project6.dir/stm32c5xx_drivers/hal/stm32c5xx_hal_i2c.c.obj
 .text.LL_I2C_IsActiveFlag_BUSY
                0x08006952       0x28 CMakeFiles/STM32C5_LSM6DSK320X_Project6.dir/stm32c5xx_drivers/hal/stm32c5xx_hal_i2c.c.obj
 .text.LL_I2C_ClearFlag_NACK
                0x0800697a       0x20 CMakeFiles/STM32C5_LSM6DSK320X_Project6.dir/stm32c5xx_drivers/hal/stm32c5xx_hal_i2c.c.obj
 .text.LL_I2C_ClearFlag_STOP
                0x0800699a       0x20 CMakeFiles/STM32C5_LSM6DSK320X_Project6.dir/stm32c5xx_drivers/hal/stm32c5xx_hal_i2c.c.obj
 .text.LL_I2C_ClearFlag_TXE
                0x080069ba       0x1a CMakeFiles/STM32C5_LSM6DSK320X_Project6.dir/stm32c5xx_drivers/hal/stm32c5xx_hal_i2c.c.obj
 .text.LL_I2C_ClearFlag_BERR
                0x080069d4       0x20 CMakeFiles/STM32C5_LSM6DSK320X_Project6.dir/stm32c5xx_drivers/hal/stm32c5xx_hal_i2c.c.obj
 .text.LL_I2C_ClearFlag_ARLO
                0x080069f4       0x20 CMakeFiles/STM32C5_LSM6DSK320X_Project6.dir/stm32c5xx_drivers/hal/stm32c5xx_hal_i2c.c.obj
 .text.LL_I2C_ClearFlag_OVR
                0x08006a14       0x20 CMakeFiles/STM32C5_LSM6DSK320X_Project6.dir/stm32c5xx_drivers/hal/stm32c5xx_hal_i2c.c.obj
 .text.LL_I2C_GenerateStopCondition
                0x08006a34       0x20 CMakeFiles/STM32C5_LSM6DSK320X_Project6.dir/stm32c5xx_drivers/hal/stm32c5xx_hal_i2c.c.obj
 .text.LL_I2C_ReceiveData8
                0x08006a54       0x1a CMakeFiles/STM32C5_LSM6DSK320X_Project6.dir/stm32c5xx_drivers/hal/stm32c5xx_hal_i2c.c.obj
 .text.LL_I2C_TransmitData8
                0x08006a6e       0x1e CMakeFiles/STM32C5_LSM6DSK320X_Project6.dir/stm32c5xx_drivers/hal/stm32c5xx_hal_i2c.c.obj
 .text.HAL_I2C_Init
                0x08006a8c       0x6c CMakeFiles/STM32C5_LSM6DSK320X_Project6.dir/stm32c5xx_drivers/hal/stm32c5xx_hal_i2c.c.obj
                0x08006a8c                HAL_I2C_Init
 .text.HAL_I2C_SetConfig
                0x08006af8       0x86 CMakeFiles/STM32C5_LSM6DSK320X_Project6.dir/stm32c5xx_drivers/hal/stm32c5xx_hal_i2c.c.obj
                0x08006af8                HAL_I2C_SetConfig
 .text.HAL_I2C_EnableAnalogFilter
                0x08006b7e       0x2c CMakeFiles/STM32C5_LSM6DSK320X_Project6.dir/stm32c5xx_drivers/hal/stm32c5xx_hal_i2c.c.obj
                0x08006b7e                HAL_I2C_EnableAnalogFilter
 *fill*         0x08006baa        0x2 
 .text.HAL_I2C_MASTER_MemWrite
                0x08006bac      0x1c8 CMakeFiles/STM32C5_LSM6DSK320X_Project6.dir/stm32c5xx_drivers/hal/stm32c5xx_hal_i2c.c.obj
                0x08006bac                HAL_I2C_MASTER_MemWrite
 .text.HAL_I2C_MASTER_MemRead
                0x08006d74      0x1d4 CMakeFiles/STM32C5_LSM6DSK320X_Project6.dir/stm32c5xx_drivers/hal/stm32c5xx_hal_i2c.c.obj
                0x08006d74                HAL_I2C_MASTER_MemRead
 .text.I2C_RequestMemoryWrite
                0x08006f48       0xa0 CMakeFiles/STM32C5_LSM6DSK320X_Project6.dir/stm32c5xx_drivers/hal/stm32c5xx_hal_i2c.c.obj
 .text.I2C_RequestMemoryRead
                0x08006fe8       0xa0 CMakeFiles/STM32C5_LSM6DSK320X_Project6.dir/stm32c5xx_drivers/hal/stm32c5xx_hal_i2c.c.obj
 .text.I2C_Flush_TXDR
                0x08007088       0x36 CMakeFiles/STM32C5_LSM6DSK320X_Project6.dir/stm32c5xx_drivers/hal/stm32c5xx_hal_i2c.c.obj
 .text.I2C_WaitOnFlagUntilTimeout
                0x080070be       0x8c CMakeFiles/STM32C5_LSM6DSK320X_Project6.dir/stm32c5xx_drivers/hal/stm32c5xx_hal_i2c.c.obj
 .text.I2C_WaitOnTXISFlagUntilTimeout
                0x0800714a       0x82 CMakeFiles/STM32C5_LSM6DSK320X_Project6.dir/stm32c5xx_drivers/hal/stm32c5xx_hal_i2c.c.obj
 .text.I2C_WaitOnSTOPFlagUntilTimeout
                0x080071cc       0x7a CMakeFiles/STM32C5_LSM6DSK320X_Project6.dir/stm32c5xx_drivers/hal/stm32c5xx_hal_i2c.c.obj
 *fill*         0x08007246        0x2 
 .text.I2C_IsErrorOccurred
                0x08007248      0x178 CMakeFiles/STM32C5_LSM6DSK320X_Project6.dir/stm32c5xx_drivers/hal/stm32c5xx_hal_i2c.c.obj
 .text.I2C_TransferConfig
                0x080073c0       0x58 CMakeFiles/STM32C5_LSM6DSK320X_Project6.dir/stm32c5xx_drivers/hal/stm32c5xx_hal_i2c.c.obj
 .text.LL_ICACHE_Enable
                0x08007418       0x20 CMakeFiles/STM32C5_LSM6DSK320X_Project6.dir/stm32c5xx_drivers/hal/stm32c5xx_hal_icache.c.obj
 .text.LL_ICACHE_EnableIT
                0x08007438       0x22 CMakeFiles/STM32C5_LSM6DSK320X_Project6.dir/stm32c5xx_drivers/hal/stm32c5xx_hal_icache.c.obj
 .text.HAL_ICACHE_Init
                0x0800745a       0x28 CMakeFiles/STM32C5_LSM6DSK320X_Project6.dir/stm32c5xx_drivers/hal/stm32c5xx_hal_icache.c.obj
                0x0800745a                HAL_ICACHE_Init
 .text.HAL_ICACHE_Start
                0x08007482       0x32 CMakeFiles/STM32C5_LSM6DSK320X_Project6.dir/stm32c5xx_drivers/hal/stm32c5xx_hal_icache.c.obj
                0x08007482                HAL_ICACHE_Start
 .text.LL_RCC_LSI_IsReady
                0x080074b4       0x28 CMakeFiles/STM32C5_LSM6DSK320X_Project6.dir/stm32c5xx_drivers/hal/stm32c5xx_hal_rcc.c.obj
 .text.LL_RCC_HSIS_Enable
                0x080074dc       0x20 CMakeFiles/STM32C5_LSM6DSK320X_Project6.dir/stm32c5xx_drivers/hal/stm32c5xx_hal_rcc.c.obj
 .text.LL_RCC_HSIS_IsReady
                0x080074fc       0x24 CMakeFiles/STM32C5_LSM6DSK320X_Project6.dir/stm32c5xx_drivers/hal/stm32c5xx_hal_rcc.c.obj
 .text.LL_RCC_HSIK_IsReady
                0x08007520       0x24 CMakeFiles/STM32C5_LSM6DSK320X_Project6.dir/stm32c5xx_drivers/hal/stm32c5xx_hal_rcc.c.obj
 .text.LL_RCC_HSIK_GetDivider
                0x08007544       0x1c CMakeFiles/STM32C5_LSM6DSK320X_Project6.dir/stm32c5xx_drivers/hal/stm32c5xx_hal_rcc.c.obj
 .text.LL_RCC_PSIS_Enable
                0x08007560       0x20 CMakeFiles/STM32C5_LSM6DSK320X_Project6.dir/stm32c5xx_drivers/hal/stm32c5xx_hal_rcc.c.obj
 .text.LL_RCC_PSIS_IsReady
                0x08007580       0x28 CMakeFiles/STM32C5_LSM6DSK320X_Project6.dir/stm32c5xx_drivers/hal/stm32c5xx_hal_rcc.c.obj
 .text.LL_RCC_PSIDIV3_IsReady
                0x080075a8       0x28 CMakeFiles/STM32C5_LSM6DSK320X_Project6.dir/stm32c5xx_drivers/hal/stm32c5xx_hal_rcc.c.obj
 .text.LL_RCC_PSIK_IsReady
                0x080075d0       0x28 CMakeFiles/STM32C5_LSM6DSK320X_Project6.dir/stm32c5xx_drivers/hal/stm32c5xx_hal_rcc.c.obj
 .text.LL_RCC_PSIK_GetDivider
                0x080075f8       0x1c CMakeFiles/STM32C5_LSM6DSK320X_Project6.dir/stm32c5xx_drivers/hal/stm32c5xx_hal_rcc.c.obj
 .text.LL_RCC_ConfigPSI
                0x08007614       0x38 CMakeFiles/STM32C5_LSM6DSK320X_Project6.dir/stm32c5xx_drivers/hal/stm32c5xx_hal_rcc.c.obj
 .text.LL_RCC_GetConfigPSI
                0x0800764c       0x40 CMakeFiles/STM32C5_LSM6DSK320X_Project6.dir/stm32c5xx_drivers/hal/stm32c5xx_hal_rcc.c.obj
 .text.LL_RCC_SetSysClkSource
                0x0800768c       0x28 CMakeFiles/STM32C5_LSM6DSK320X_Project6.dir/stm32c5xx_drivers/hal/stm32c5xx_hal_rcc.c.obj
 .text.LL_RCC_GetSysClkSource
                0x080076b4       0x1c CMakeFiles/STM32C5_LSM6DSK320X_Project6.dir/stm32c5xx_drivers/hal/stm32c5xx_hal_rcc.c.obj
 .text.LL_RCC_GetAHBPrescaler
                0x080076d0       0x1c CMakeFiles/STM32C5_LSM6DSK320X_Project6.dir/stm32c5xx_drivers/hal/stm32c5xx_hal_rcc.c.obj
 .text.LL_RCC_GetSystickClockSource
                0x080076ec       0x1c CMakeFiles/STM32C5_LSM6DSK320X_Project6.dir/stm32c5xx_drivers/hal/stm32c5xx_hal_rcc.c.obj
 .text.LL_RCC_GetAPB1Prescaler
                0x08007708       0x1c CMakeFiles/STM32C5_LSM6DSK320X_Project6.dir/stm32c5xx_drivers/hal/stm32c5xx_hal_rcc.c.obj
 .text.LL_RCC_GetAPB2Prescaler
                0x08007724       0x1c CMakeFiles/STM32C5_LSM6DSK320X_Project6.dir/stm32c5xx_drivers/hal/stm32c5xx_hal_rcc.c.obj
 .text.LL_RCC_GetAPB3Prescaler
                0x08007740       0x1c CMakeFiles/STM32C5_LSM6DSK320X_Project6.dir/stm32c5xx_drivers/hal/stm32c5xx_hal_rcc.c.obj
 .text.LL_RCC_ConfigBusClock
                0x0800775c       0x2c CMakeFiles/STM32C5_LSM6DSK320X_Project6.dir/stm32c5xx_drivers/hal/stm32c5xx_hal_rcc.c.obj
 .text.LL_RCC_SetClockSource
                0x08007788       0x54 CMakeFiles/STM32C5_LSM6DSK320X_Project6.dir/stm32c5xx_drivers/hal/stm32c5xx_hal_rcc.c.obj
 .text.LL_RCC_SetUSARTClockSource
                0x080077dc       0x16 CMakeFiles/STM32C5_LSM6DSK320X_Project6.dir/stm32c5xx_drivers/hal/stm32c5xx_hal_rcc.c.obj
 .text.LL_RCC_SetI2CClockSource
                0x080077f2       0x16 CMakeFiles/STM32C5_LSM6DSK320X_Project6.dir/stm32c5xx_drivers/hal/stm32c5xx_hal_rcc.c.obj
 .text.LL_RCC_GetClockSource
                0x08007808       0x48 CMakeFiles/STM32C5_LSM6DSK320X_Project6.dir/stm32c5xx_drivers/hal/stm32c5xx_hal_rcc.c.obj
 .text.LL_RCC_GetUSARTClockSource
                0x08007850       0x18 CMakeFiles/STM32C5_LSM6DSK320X_Project6.dir/stm32c5xx_drivers/hal/stm32c5xx_hal_rcc.c.obj
 .text.LL_RCC_GetUARTClockSource
                0x08007868       0x18 CMakeFiles/STM32C5_LSM6DSK320X_Project6.dir/stm32c5xx_drivers/hal/stm32c5xx_hal_rcc.c.obj
 .text.LL_RCC_GetLPUARTClockSource
                0x08007880       0x24 CMakeFiles/STM32C5_LSM6DSK320X_Project6.dir/stm32c5xx_drivers/hal/stm32c5xx_hal_rcc.c.obj
 .text.HAL_RCC_HSIS_Enable
                0x080078a4       0x1c CMakeFiles/STM32C5_LSM6DSK320X_Project6.dir/stm32c5xx_drivers/hal/stm32c5xx_hal_rcc.c.obj
                0x080078a4                HAL_RCC_HSIS_Enable
 .text.HAL_RCC_PSIS_Enable
                0x080078c0       0x1c CMakeFiles/STM32C5_LSM6DSK320X_Project6.dir/stm32c5xx_drivers/hal/stm32c5xx_hal_rcc.c.obj
                0x080078c0                HAL_RCC_PSIS_Enable
 .text.HAL_RCC_PSI_SetConfig
                0x080078dc       0x50 CMakeFiles/STM32C5_LSM6DSK320X_Project6.dir/stm32c5xx_drivers/hal/stm32c5xx_hal_rcc.c.obj
                0x080078dc                HAL_RCC_PSI_SetConfig
 .text.HAL_RCC_PSI_GetConfig
                0x0800792c       0x34 CMakeFiles/STM32C5_LSM6DSK320X_Project6.dir/stm32c5xx_drivers/hal/stm32c5xx_hal_rcc.c.obj
                0x0800792c                HAL_RCC_PSI_GetConfig
 .text.HAL_RCC_SetSYSCLKSource
                0x08007960       0x52 CMakeFiles/STM32C5_LSM6DSK320X_Project6.dir/stm32c5xx_drivers/hal/stm32c5xx_hal_rcc.c.obj
                0x08007960                HAL_RCC_SetSYSCLKSource
 .text.HAL_RCC_GetSYSCLKSource
                0x080079b2       0x12 CMakeFiles/STM32C5_LSM6DSK320X_Project6.dir/stm32c5xx_drivers/hal/stm32c5xx_hal_rcc.c.obj
                0x080079b2                HAL_RCC_GetSYSCLKSource
 .text.HAL_RCC_SetBusClockConfig
                0x080079c4       0x38 CMakeFiles/STM32C5_LSM6DSK320X_Project6.dir/stm32c5xx_drivers/hal/stm32c5xx_hal_rcc.c.obj
                0x080079c4                HAL_RCC_SetBusClockConfig
 .text.HAL_RCC_GetPSIClockFreq
                0x080079fc       0x9c CMakeFiles/STM32C5_LSM6DSK320X_Project6.dir/stm32c5xx_drivers/hal/stm32c5xx_hal_rcc.c.obj
                0x080079fc                HAL_RCC_GetPSIClockFreq
 .text.HAL_RCC_GetSYSCLKFreq
                0x08007a98       0x3c CMakeFiles/STM32C5_LSM6DSK320X_Project6.dir/stm32c5xx_drivers/hal/stm32c5xx_hal_rcc.c.obj
                0x08007a98                HAL_RCC_GetSYSCLKFreq
 .text.HAL_RCC_GetHCLKFreq
                0x08007ad4       0x20 CMakeFiles/STM32C5_LSM6DSK320X_Project6.dir/stm32c5xx_drivers/hal/stm32c5xx_hal_rcc.c.obj
                0x08007ad4                HAL_RCC_GetHCLKFreq
 .text.HAL_RCC_GetPCLK1Freq
                0x08007af4       0x24 CMakeFiles/STM32C5_LSM6DSK320X_Project6.dir/stm32c5xx_drivers/hal/stm32c5xx_hal_rcc.c.obj
                0x08007af4                HAL_RCC_GetPCLK1Freq
 .text.HAL_RCC_GetPCLK2Freq
                0x08007b18       0x24 CMakeFiles/STM32C5_LSM6DSK320X_Project6.dir/stm32c5xx_drivers/hal/stm32c5xx_hal_rcc.c.obj
                0x08007b18                HAL_RCC_GetPCLK2Freq
 .text.HAL_RCC_GetPCLK3Freq
                0x08007b3c       0x24 CMakeFiles/STM32C5_LSM6DSK320X_Project6.dir/stm32c5xx_drivers/hal/stm32c5xx_hal_rcc.c.obj
                0x08007b3c                HAL_RCC_GetPCLK3Freq
 .text.HAL_RCC_USART1_SetKernelClkSource
                0x08007b60       0x1e CMakeFiles/STM32C5_LSM6DSK320X_Project6.dir/stm32c5xx_drivers/hal/stm32c5xx_hal_rcc.c.obj
                0x08007b60                HAL_RCC_USART1_SetKernelClkSource
 .text.HAL_RCC_I2C1_SetKernelClkSource
                0x08007b7e       0x1a CMakeFiles/STM32C5_LSM6DSK320X_Project6.dir/stm32c5xx_drivers/hal/stm32c5xx_hal_rcc.c.obj
                0x08007b7e                HAL_RCC_I2C1_SetKernelClkSource
 .text.HAL_RCC_UART_GetKernelClkFreq
                0x08007b98       0x88 CMakeFiles/STM32C5_LSM6DSK320X_Project6.dir/stm32c5xx_drivers/hal/stm32c5xx_hal_rcc.c.obj
                0x08007b98                HAL_RCC_UART_GetKernelClkFreq
 .text.HAL_RCC_USART1_GetKernelClkFreq
                0x08007c20       0xb0 CMakeFiles/STM32C5_LSM6DSK320X_Project6.dir/stm32c5xx_drivers/hal/stm32c5xx_hal_rcc.c.obj
                0x08007c20                HAL_RCC_USART1_GetKernelClkFreq
 .text.HAL_RCC_USART2_GetKernelClkFreq
                0x08007cd0       0xb4 CMakeFiles/STM32C5_LSM6DSK320X_Project6.dir/stm32c5xx_drivers/hal/stm32c5xx_hal_rcc.c.obj
                0x08007cd0                HAL_RCC_USART2_GetKernelClkFreq
 .text.HAL_RCC_UART4_GetKernelClkFreq
                0x08007d84       0xb4 CMakeFiles/STM32C5_LSM6DSK320X_Project6.dir/stm32c5xx_drivers/hal/stm32c5xx_hal_rcc.c.obj
                0x08007d84                HAL_RCC_UART4_GetKernelClkFreq
 .text.HAL_RCC_UART5_GetKernelClkFreq
                0x08007e38       0xb4 CMakeFiles/STM32C5_LSM6DSK320X_Project6.dir/stm32c5xx_drivers/hal/stm32c5xx_hal_rcc.c.obj
                0x08007e38                HAL_RCC_UART5_GetKernelClkFreq
 .text.HAL_RCC_LPUART1_GetKernelClkFreq
                0x08007eec       0x88 CMakeFiles/STM32C5_LSM6DSK320X_Project6.dir/stm32c5xx_drivers/hal/stm32c5xx_hal_rcc.c.obj
                0x08007eec                HAL_RCC_LPUART1_GetKernelClkFreq
 .text.HAL_RCC_GetSysTickExternalClkFreq
                0x08007f74       0x3e CMakeFiles/STM32C5_LSM6DSK320X_Project6.dir/stm32c5xx_drivers/hal/stm32c5xx_hal_rcc.c.obj
                0x08007f74                HAL_RCC_GetSysTickExternalClkFreq
 .text.RCC_WaitForTimeout
                0x08007fb2       0x54 CMakeFiles/STM32C5_LSM6DSK320X_Project6.dir/stm32c5xx_drivers/hal/stm32c5xx_hal_rcc.c.obj
 .text.RCC_GetDividerValue
                0x08008006      0x132 CMakeFiles/STM32C5_LSM6DSK320X_Project6.dir/stm32c5xx_drivers/hal/stm32c5xx_hal_rcc.c.obj
 .text.LL_USART_Enable
                0x08008138       0x20 CMakeFiles/STM32C5_LSM6DSK320X_Project6.dir/stm32c5xx_drivers/hal/stm32c5xx_hal_uart.c.obj
 .text.LL_USART_Disable
                0x08008158       0x20 CMakeFiles/STM32C5_LSM6DSK320X_Project6.dir/stm32c5xx_drivers/hal/stm32c5xx_hal_uart.c.obj
 .text.LL_USART_IsEnabled
                0x08008178       0x26 CMakeFiles/STM32C5_LSM6DSK320X_Project6.dir/stm32c5xx_drivers/hal/stm32c5xx_hal_uart.c.obj
 *fill*         0x0800819e        0x2 
 .text.LL_USART_ConfigXfer
                0x080081a0       0x3c CMakeFiles/STM32C5_LSM6DSK320X_Project6.dir/stm32c5xx_drivers/hal/stm32c5xx_hal_uart.c.obj
 .text.LL_USART_IsEnabledDirectionRx
                0x080081dc       0x26 CMakeFiles/STM32C5_LSM6DSK320X_Project6.dir/stm32c5xx_drivers/hal/stm32c5xx_hal_uart.c.obj
 .text.LL_USART_IsEnabledDirectionTx
                0x08008202       0x26 CMakeFiles/STM32C5_LSM6DSK320X_Project6.dir/stm32c5xx_drivers/hal/stm32c5xx_hal_uart.c.obj
 .text.LL_USART_SetTransferDirection
                0x08008228       0x48 CMakeFiles/STM32C5_LSM6DSK320X_Project6.dir/stm32c5xx_drivers/hal/stm32c5xx_hal_uart.c.obj
 .text.LL_USART_SetPrescaler
                0x08008270       0x28 CMakeFiles/STM32C5_LSM6DSK320X_Project6.dir/stm32c5xx_drivers/hal/stm32c5xx_hal_uart.c.obj
 .text.LL_USART_SetHWFlowCtrl
                0x08008298       0x26 CMakeFiles/STM32C5_LSM6DSK320X_Project6.dir/stm32c5xx_drivers/hal/stm32c5xx_hal_uart.c.obj
 .text.LL_USART_EnableOneBitSample
                0x080082be       0x20 CMakeFiles/STM32C5_LSM6DSK320X_Project6.dir/stm32c5xx_drivers/hal/stm32c5xx_hal_uart.c.obj
 .text.LL_USART_DisableOneBitSample
                0x080082de       0x20 CMakeFiles/STM32C5_LSM6DSK320X_Project6.dir/stm32c5xx_drivers/hal/stm32c5xx_hal_uart.c.obj
 *fill*         0x080082fe        0x2 
 .text.LL_USART_SetBaudRate
                0x08008300       0x9c CMakeFiles/STM32C5_LSM6DSK320X_Project6.dir/stm32c5xx_drivers/hal/stm32c5xx_hal_uart.c.obj
 .text.LL_USART_IsEnabledHalfDuplex
                0x0800839c       0x26 CMakeFiles/STM32C5_LSM6DSK320X_Project6.dir/stm32c5xx_drivers/hal/stm32c5xx_hal_uart.c.obj
 .text.LL_USART_ConfigAsyncMode
                0x080083c2       0x2c CMakeFiles/STM32C5_LSM6DSK320X_Project6.dir/stm32c5xx_drivers/hal/stm32c5xx_hal_uart.c.obj
 .text.LL_USART_IsActiveFlag_RTO
                0x080083ee       0x28 CMakeFiles/STM32C5_LSM6DSK320X_Project6.dir/stm32c5xx_drivers/hal/stm32c5xx_hal_uart.c.obj
 .text.LL_USART_IsActiveFlag_TEACK
                0x08008416       0x28 CMakeFiles/STM32C5_LSM6DSK320X_Project6.dir/stm32c5xx_drivers/hal/stm32c5xx_hal_uart.c.obj
 .text.LL_USART_IsActiveFlag_REACK
                0x0800843e       0x28 CMakeFiles/STM32C5_LSM6DSK320X_Project6.dir/stm32c5xx_drivers/hal/stm32c5xx_hal_uart.c.obj
 .text.LL_USART_ClearFlag_RTO
                0x08008466       0x1c CMakeFiles/STM32C5_LSM6DSK320X_Project6.dir/stm32c5xx_drivers/hal/stm32c5xx_hal_uart.c.obj
 .text.LL_USART_DisableIT_CR1
                0x08008482       0x46 CMakeFiles/STM32C5_LSM6DSK320X_Project6.dir/stm32c5xx_drivers/hal/stm32c5xx_hal_uart.c.obj
 .text.LL_USART_DisableIT_CR3
                0x080084c8       0x4a CMakeFiles/STM32C5_LSM6DSK320X_Project6.dir/stm32c5xx_drivers/hal/stm32c5xx_hal_uart.c.obj
 .text.LL_USART_TransmitData8
                0x08008512       0x1e CMakeFiles/STM32C5_LSM6DSK320X_Project6.dir/stm32c5xx_drivers/hal/stm32c5xx_hal_uart.c.obj
 .text.LL_USART_TransmitData9
                0x08008530       0x22 CMakeFiles/STM32C5_LSM6DSK320X_Project6.dir/stm32c5xx_drivers/hal/stm32c5xx_hal_uart.c.obj
 *fill*         0x08008552        0x2 
 .text.LL_LPUART_DIV
                0x08008554       0x8c CMakeFiles/STM32C5_LSM6DSK320X_Project6.dir/stm32c5xx_drivers/hal/stm32c5xx_hal_uart.c.obj
 .text.LL_LPUART_ConfigXfer
                0x080085e0       0x3c CMakeFiles/STM32C5_LSM6DSK320X_Project6.dir/stm32c5xx_drivers/hal/stm32c5xx_hal_uart.c.obj
 .text.LL_LPUART_SetBaudRate
                0x0800861c       0x2c CMakeFiles/STM32C5_LSM6DSK320X_Project6.dir/stm32c5xx_drivers/hal/stm32c5xx_hal_uart.c.obj
 .text.HAL_UART_Init
                0x08008648       0x52 CMakeFiles/STM32C5_LSM6DSK320X_Project6.dir/stm32c5xx_drivers/hal/stm32c5xx_hal_uart.c.obj
                0x08008648                HAL_UART_Init
 *fill*         0x0800869a        0x2 
 .text.HAL_UART_SetConfig
                0x0800869c      0x12c CMakeFiles/STM32C5_LSM6DSK320X_Project6.dir/stm32c5xx_drivers/hal/stm32c5xx_hal_uart.c.obj
                0x0800869c                HAL_UART_SetConfig
 .text.HAL_UART_Transmit
                0x080087c8      0x12c CMakeFiles/STM32C5_LSM6DSK320X_Project6.dir/stm32c5xx_drivers/hal/stm32c5xx_hal_uart.c.obj
                0x080087c8                HAL_UART_Transmit
 .text.UART_CheckEnabledState
                0x080088f4       0xb0 CMakeFiles/STM32C5_LSM6DSK320X_Project6.dir/stm32c5xx_drivers/hal/stm32c5xx_hal_uart.c.obj
 .text.UART_WaitOnFlagUntilTimeout
                0x080089a4       0xb6 CMakeFiles/STM32C5_LSM6DSK320X_Project6.dir/stm32c5xx_drivers/hal/stm32c5xx_hal_uart.c.obj
 .text._getpid  0x08008a5a       0x10 CMakeFiles/STM32C5_LSM6DSK320X_Project6.dir/utilities/syscalls/syscalls.c.obj
                0x08008a5a                _getpid
 .text._kill    0x08008a6a       0x20 CMakeFiles/STM32C5_LSM6DSK320X_Project6.dir/utilities/syscalls/syscalls.c.obj
                0x08008a6a                _kill
 .text._exit    0x08008a8a       0x16 CMakeFiles/STM32C5_LSM6DSK320X_Project6.dir/utilities/syscalls/syscalls.c.obj
                0x08008a8a                _exit
 .text._read    0x08008aa0       0x3a CMakeFiles/STM32C5_LSM6DSK320X_Project6.dir/utilities/syscalls/syscalls.c.obj
                0x08008aa0                _read
 .text._close   0x08008ada       0x18 CMakeFiles/STM32C5_LSM6DSK320X_Project6.dir/utilities/syscalls/syscalls.c.obj
                0x08008ada                _close
 .text._fstat   0x08008af2       0x20 CMakeFiles/STM32C5_LSM6DSK320X_Project6.dir/utilities/syscalls/syscalls.c.obj
                0x08008af2                _fstat
 .text._isatty  0x08008b12       0x16 CMakeFiles/STM32C5_LSM6DSK320X_Project6.dir/utilities/syscalls/syscalls.c.obj
                0x08008b12                _isatty
 .text._lseek   0x08008b28       0x1a CMakeFiles/STM32C5_LSM6DSK320X_Project6.dir/utilities/syscalls/syscalls.c.obj
                0x08008b28                _lseek
 *fill*         0x08008b42        0x2 
 .text._sbrk    0x08008b44       0x6c CMakeFiles/STM32C5_LSM6DSK320X_Project6.dir/utilities/syscalls/sysmem.c.obj
                0x08008b44                _sbrk
 .text.printf   0x08008bb0       0x24 C:/ST/STM32CubeIDE_2.1.1/STM32CubeIDE/plugins/com.st.stm32cube.ide.mcu.externaltools.gnu-tools-for-stm32.14.3.rel1.win32_1.0.100.202602081740/tools/bin/../lib/gcc/arm-none-eabi/14.3.1/../../../../arm-none-eabi/lib/thumb/v8-m.main+fp/hard\libc_nano.a(libc_a-printf.o)
                0x08008bb0                iprintf
                0x08008bb0                printf
 .text._puts_r  0x08008bd4       0xaa C:/ST/STM32CubeIDE_2.1.1/STM32CubeIDE/plugins/com.st.stm32cube.ide.mcu.externaltools.gnu-tools-for-stm32.14.3.rel1.win32_1.0.100.202602081740/tools/bin/../lib/gcc/arm-none-eabi/14.3.1/../../../../arm-none-eabi/lib/thumb/v8-m.main+fp/hard\libc_nano.a(libc_a-puts.o)
                0x08008bd4                _puts_r
 *fill*         0x08008c7e        0x2 
 .text.puts     0x08008c80       0x10 C:/ST/STM32CubeIDE_2.1.1/STM32CubeIDE/plugins/com.st.stm32cube.ide.mcu.externaltools.gnu-tools-for-stm32.14.3.rel1.win32_1.0.100.202602081740/tools/bin/../lib/gcc/arm-none-eabi/14.3.1/../../../../arm-none-eabi/lib/thumb/v8-m.main+fp/hard\libc_nano.a(libc_a-puts.o)
                0x08008c80                puts
 .text.__errno  0x08008c90        0xc C:/ST/STM32CubeIDE_2.1.1/STM32CubeIDE/plugins/com.st.stm32cube.ide.mcu.externaltools.gnu-tools-for-stm32.14.3.rel1.win32_1.0.100.202602081740/tools/bin/../lib/gcc/arm-none-eabi/14.3.1/../../../../arm-none-eabi/lib/thumb/v8-m.main+fp/hard\libc_nano.a(libc_a-errno.o)
                0x08008c90                __errno
 *(.glue_7)
 .glue_7        0x08008c9c        0x0 linker stubs
 *(.glue_7t)
 .glue_7t       0x08008c9c        0x0 linker stubs
 *(.eh_frame)
 .eh_frame      0x08008c9c        0x0 C:/ST/STM32CubeIDE_2.1.1/STM32CubeIDE/plugins/com.st.stm32cube.ide.mcu.externaltools.gnu-tools-for-stm32.14.3.rel1.win32_1.0.100.202602081740/tools/bin/../lib/gcc/arm-none-eabi/14.3.1/thumb/v8-m.main+fp/hard/crtbegin.o
 *(.init)
 .init          0x08008c9c        0x4 C:/ST/STM32CubeIDE_2.1.1/STM32CubeIDE/plugins/com.st.stm32cube.ide.mcu.externaltools.gnu-tools-for-stm32.14.3.rel1.win32_1.0.100.202602081740/tools/bin/../lib/gcc/arm-none-eabi/14.3.1/thumb/v8-m.main+fp/hard/crti.o
                0x08008c9c                _init
 .init          0x08008ca0        0x8 C:/ST/STM32CubeIDE_2.1.1/STM32CubeIDE/plugins/com.st.stm32cube.ide.mcu.externaltools.gnu-tools-for-stm32.14.3.rel1.win32_1.0.100.202602081740/tools/bin/../lib/gcc/arm-none-eabi/14.3.1/thumb/v8-m.main+fp/hard/crtn.o
 *(.fini)
 .fini          0x08008ca8        0x4 C:/ST/STM32CubeIDE_2.1.1/STM32CubeIDE/plugins/com.st.stm32cube.ide.mcu.externaltools.gnu-tools-for-stm32.14.3.rel1.win32_1.0.100.202602081740/tools/bin/../lib/gcc/arm-none-eabi/14.3.1/thumb/v8-m.main+fp/hard/crti.o
                0x08008ca8                _fini
 .fini          0x08008cac        0x8 C:/ST/STM32CubeIDE_2.1.1/STM32CubeIDE/plugins/com.st.stm32cube.ide.mcu.externaltools.gnu-tools-for-stm32.14.3.rel1.win32_1.0.100.202602081740/tools/bin/../lib/gcc/arm-none-eabi/14.3.1/thumb/v8-m.main+fp/hard/crtn.o
                0x08008cb8                        . = ALIGN (0x8)
 *fill*         0x08008cb4        0x4 
                0x08008cb8                        _etext = .

.vfp11_veneer   0x08008cb8        0x0
 .vfp11_veneer  0x08008cb8        0x0 linker stubs

.v4_bx          0x08008cb8        0x0
 .v4_bx         0x08008cb8        0x0 linker stubs

.iplt           0x08008cb8        0x0
 .iplt          0x08008cb8        0x0 C:/ST/STM32CubeIDE_2.1.1/STM32CubeIDE/plugins/com.st.stm32cube.ide.mcu.externaltools.gnu-tools-for-stm32.14.3.rel1.win32_1.0.100.202602081740/tools/bin/../lib/gcc/arm-none-eabi/14.3.1/thumb/v8-m.main+fp/hard/crtbegin.o

.rodata         0x08008cb8      0x440
                0x08008cb8                        . = ALIGN (0x8)
 *(.rodata)